ARM GAS  C:\Users\sebbe\AppData\Local\Temp\ccyoTr5g.s 			page 1


   1              		.syntax unified
   2              		.cpu cortex-m3
   3              		.fpu softvfp
   4              		.eabi_attribute 20, 1
   5              		.eabi_attribute 21, 1
   6              		.eabi_attribute 23, 3
   7              		.eabi_attribute 24, 1
   8              		.eabi_attribute 25, 1
   9              		.eabi_attribute 26, 1
  10              		.eabi_attribute 30, 1
  11              		.eabi_attribute 34, 1
  12              		.eabi_attribute 18, 4
  13              		.thumb
  14              		.syntax unified
  15              		.file	"SPI_slave_PM.c"
  16              		.text
  17              	.Ltext0:
  18              		.cfi_sections	.debug_frame
  19              		.section	.text.SPI_slave_SaveConfig,"ax",%progbits
  20              		.align	2
  21              		.global	SPI_slave_SaveConfig
  22              		.thumb
  23              		.thumb_func
  24              		.type	SPI_slave_SaveConfig, %function
  25              	SPI_slave_SaveConfig:
  26              	.LFB0:
  27              		.file 1 "Generated_Source\\PSoC5\\SPI_slave_PM.c"
   1:Generated_Source\PSoC5/SPI_slave_PM.c **** /*******************************************************************************
   2:Generated_Source\PSoC5/SPI_slave_PM.c **** * File Name: SPI_slave_PM.c
   3:Generated_Source\PSoC5/SPI_slave_PM.c **** * Version 2.70
   4:Generated_Source\PSoC5/SPI_slave_PM.c **** *
   5:Generated_Source\PSoC5/SPI_slave_PM.c **** * Description:
   6:Generated_Source\PSoC5/SPI_slave_PM.c **** *  This file contains the setup, control and status commands to support
   7:Generated_Source\PSoC5/SPI_slave_PM.c **** *  component operations in low power mode.
   8:Generated_Source\PSoC5/SPI_slave_PM.c **** *
   9:Generated_Source\PSoC5/SPI_slave_PM.c **** * Note:
  10:Generated_Source\PSoC5/SPI_slave_PM.c **** *
  11:Generated_Source\PSoC5/SPI_slave_PM.c **** ********************************************************************************
  12:Generated_Source\PSoC5/SPI_slave_PM.c **** * Copyright 2008-2015, Cypress Semiconductor Corporation.  All rights reserved.
  13:Generated_Source\PSoC5/SPI_slave_PM.c **** * You may use this file only in accordance with the license, terms, conditions,
  14:Generated_Source\PSoC5/SPI_slave_PM.c **** * disclaimers, and limitations in the end user license agreement accompanying
  15:Generated_Source\PSoC5/SPI_slave_PM.c **** * the software package with which this file was provided.
  16:Generated_Source\PSoC5/SPI_slave_PM.c **** *******************************************************************************/
  17:Generated_Source\PSoC5/SPI_slave_PM.c **** 
  18:Generated_Source\PSoC5/SPI_slave_PM.c **** #include "SPI_slave_PVT.h"
  19:Generated_Source\PSoC5/SPI_slave_PM.c **** 
  20:Generated_Source\PSoC5/SPI_slave_PM.c **** static SPI_slave_BACKUP_STRUCT SPI_slave_backup = 
  21:Generated_Source\PSoC5/SPI_slave_PM.c **** {
  22:Generated_Source\PSoC5/SPI_slave_PM.c ****     SPI_slave_DISABLED,
  23:Generated_Source\PSoC5/SPI_slave_PM.c ****     SPI_slave_BITCTR_INIT,
  24:Generated_Source\PSoC5/SPI_slave_PM.c **** };
  25:Generated_Source\PSoC5/SPI_slave_PM.c **** 
  26:Generated_Source\PSoC5/SPI_slave_PM.c **** 
  27:Generated_Source\PSoC5/SPI_slave_PM.c **** /*******************************************************************************
  28:Generated_Source\PSoC5/SPI_slave_PM.c **** * Function Name: SPI_slave_SaveConfig
  29:Generated_Source\PSoC5/SPI_slave_PM.c **** ********************************************************************************
  30:Generated_Source\PSoC5/SPI_slave_PM.c **** *
ARM GAS  C:\Users\sebbe\AppData\Local\Temp\ccyoTr5g.s 			page 2


  31:Generated_Source\PSoC5/SPI_slave_PM.c **** * Summary:
  32:Generated_Source\PSoC5/SPI_slave_PM.c **** *  Empty function. Included for consistency with other components.
  33:Generated_Source\PSoC5/SPI_slave_PM.c **** *
  34:Generated_Source\PSoC5/SPI_slave_PM.c **** * Parameters:
  35:Generated_Source\PSoC5/SPI_slave_PM.c **** *  None.
  36:Generated_Source\PSoC5/SPI_slave_PM.c **** *
  37:Generated_Source\PSoC5/SPI_slave_PM.c **** * Return:
  38:Generated_Source\PSoC5/SPI_slave_PM.c **** *  None.
  39:Generated_Source\PSoC5/SPI_slave_PM.c **** *
  40:Generated_Source\PSoC5/SPI_slave_PM.c **** *******************************************************************************/
  41:Generated_Source\PSoC5/SPI_slave_PM.c **** void SPI_slave_SaveConfig(void) 
  42:Generated_Source\PSoC5/SPI_slave_PM.c **** {
  28              		.loc 1 42 0
  29              		.cfi_startproc
  30              		@ args = 0, pretend = 0, frame = 0
  31              		@ frame_needed = 0, uses_anonymous_args = 0
  32              		@ link register save eliminated.
  33 0000 7047     		bx	lr
  34              		.cfi_endproc
  35              	.LFE0:
  36              		.size	SPI_slave_SaveConfig, .-SPI_slave_SaveConfig
  37 0002 00BF     		.section	.text.SPI_slave_RestoreConfig,"ax",%progbits
  38              		.align	2
  39              		.global	SPI_slave_RestoreConfig
  40              		.thumb
  41              		.thumb_func
  42              		.type	SPI_slave_RestoreConfig, %function
  43              	SPI_slave_RestoreConfig:
  44              	.LFB1:
  43:Generated_Source\PSoC5/SPI_slave_PM.c **** 
  44:Generated_Source\PSoC5/SPI_slave_PM.c **** }
  45:Generated_Source\PSoC5/SPI_slave_PM.c **** 
  46:Generated_Source\PSoC5/SPI_slave_PM.c **** 
  47:Generated_Source\PSoC5/SPI_slave_PM.c **** /*******************************************************************************
  48:Generated_Source\PSoC5/SPI_slave_PM.c **** * Function Name: SPI_slave_RestoreConfig
  49:Generated_Source\PSoC5/SPI_slave_PM.c **** ********************************************************************************
  50:Generated_Source\PSoC5/SPI_slave_PM.c **** *
  51:Generated_Source\PSoC5/SPI_slave_PM.c **** * Summary:
  52:Generated_Source\PSoC5/SPI_slave_PM.c **** *  Empty function. Included for consistency with other components.
  53:Generated_Source\PSoC5/SPI_slave_PM.c **** *
  54:Generated_Source\PSoC5/SPI_slave_PM.c **** * Parameters:
  55:Generated_Source\PSoC5/SPI_slave_PM.c **** *  None.
  56:Generated_Source\PSoC5/SPI_slave_PM.c **** *
  57:Generated_Source\PSoC5/SPI_slave_PM.c **** * Return:
  58:Generated_Source\PSoC5/SPI_slave_PM.c **** *  None.
  59:Generated_Source\PSoC5/SPI_slave_PM.c **** *
  60:Generated_Source\PSoC5/SPI_slave_PM.c **** *******************************************************************************/
  61:Generated_Source\PSoC5/SPI_slave_PM.c **** void SPI_slave_RestoreConfig(void) 
  62:Generated_Source\PSoC5/SPI_slave_PM.c **** {
  45              		.loc 1 62 0
  46              		.cfi_startproc
  47              		@ args = 0, pretend = 0, frame = 0
  48              		@ frame_needed = 0, uses_anonymous_args = 0
  49              		@ link register save eliminated.
  50 0000 7047     		bx	lr
  51              		.cfi_endproc
  52              	.LFE1:
ARM GAS  C:\Users\sebbe\AppData\Local\Temp\ccyoTr5g.s 			page 3


  53              		.size	SPI_slave_RestoreConfig, .-SPI_slave_RestoreConfig
  54 0002 00BF     		.section	.text.SPI_slave_Sleep,"ax",%progbits
  55              		.align	2
  56              		.global	SPI_slave_Sleep
  57              		.thumb
  58              		.thumb_func
  59              		.type	SPI_slave_Sleep, %function
  60              	SPI_slave_Sleep:
  61              	.LFB2:
  63:Generated_Source\PSoC5/SPI_slave_PM.c **** 
  64:Generated_Source\PSoC5/SPI_slave_PM.c **** }
  65:Generated_Source\PSoC5/SPI_slave_PM.c **** 
  66:Generated_Source\PSoC5/SPI_slave_PM.c **** 
  67:Generated_Source\PSoC5/SPI_slave_PM.c **** /*******************************************************************************
  68:Generated_Source\PSoC5/SPI_slave_PM.c **** * Function Name: SPI_slave_Sleep
  69:Generated_Source\PSoC5/SPI_slave_PM.c **** ********************************************************************************
  70:Generated_Source\PSoC5/SPI_slave_PM.c **** *
  71:Generated_Source\PSoC5/SPI_slave_PM.c **** * Summary:
  72:Generated_Source\PSoC5/SPI_slave_PM.c **** *  Prepare SPI Slave Component goes to sleep.
  73:Generated_Source\PSoC5/SPI_slave_PM.c **** *
  74:Generated_Source\PSoC5/SPI_slave_PM.c **** * Parameters:
  75:Generated_Source\PSoC5/SPI_slave_PM.c **** *  None.
  76:Generated_Source\PSoC5/SPI_slave_PM.c **** *
  77:Generated_Source\PSoC5/SPI_slave_PM.c **** * Return:
  78:Generated_Source\PSoC5/SPI_slave_PM.c **** *  None.
  79:Generated_Source\PSoC5/SPI_slave_PM.c **** *
  80:Generated_Source\PSoC5/SPI_slave_PM.c **** * Global Variables:
  81:Generated_Source\PSoC5/SPI_slave_PM.c **** *  SPI_slave_backup - modified when non-retention registers are saved.
  82:Generated_Source\PSoC5/SPI_slave_PM.c **** *
  83:Generated_Source\PSoC5/SPI_slave_PM.c **** * Reentrant:
  84:Generated_Source\PSoC5/SPI_slave_PM.c **** *  No.
  85:Generated_Source\PSoC5/SPI_slave_PM.c **** *
  86:Generated_Source\PSoC5/SPI_slave_PM.c **** *******************************************************************************/
  87:Generated_Source\PSoC5/SPI_slave_PM.c **** void SPI_slave_Sleep(void) 
  88:Generated_Source\PSoC5/SPI_slave_PM.c **** {
  62              		.loc 1 88 0
  63              		.cfi_startproc
  64              		@ args = 0, pretend = 0, frame = 0
  65              		@ frame_needed = 0, uses_anonymous_args = 0
  66              		.loc 1 88 0
  67 0000 08B5     		push	{r3, lr}
  68              		.cfi_def_cfa_offset 8
  69              		.cfi_offset 3, -8
  70              		.cfi_offset 14, -4
  89:Generated_Source\PSoC5/SPI_slave_PM.c ****     /* Save components enable state */
  90:Generated_Source\PSoC5/SPI_slave_PM.c ****     if ((SPI_slave_TX_STATUS_ACTL_REG & SPI_slave_INT_ENABLE) != 0u)
  71              		.loc 1 90 0
  72 0002 074B     		ldr	r3, .L7
  73 0004 1B78     		ldrb	r3, [r3]	@ zero_extendqisi2
  74 0006 13F0100F 		tst	r3, #16
  75 000a 03D0     		beq	.L4
  91:Generated_Source\PSoC5/SPI_slave_PM.c ****     {
  92:Generated_Source\PSoC5/SPI_slave_PM.c ****         SPI_slave_backup.enableState = 1u;
  76              		.loc 1 92 0
  77 000c 0122     		movs	r2, #1
  78 000e 054B     		ldr	r3, .L7+4
  79 0010 1A70     		strb	r2, [r3]
ARM GAS  C:\Users\sebbe\AppData\Local\Temp\ccyoTr5g.s 			page 4


  80 0012 02E0     		b	.L5
  81              	.L4:
  93:Generated_Source\PSoC5/SPI_slave_PM.c ****     }
  94:Generated_Source\PSoC5/SPI_slave_PM.c ****     else /* Components block is disabled */
  95:Generated_Source\PSoC5/SPI_slave_PM.c ****     {
  96:Generated_Source\PSoC5/SPI_slave_PM.c ****         SPI_slave_backup.enableState = 0u;
  82              		.loc 1 96 0
  83 0014 0022     		movs	r2, #0
  84 0016 034B     		ldr	r3, .L7+4
  85 0018 1A70     		strb	r2, [r3]
  86              	.L5:
  97:Generated_Source\PSoC5/SPI_slave_PM.c ****     }
  98:Generated_Source\PSoC5/SPI_slave_PM.c **** 
  99:Generated_Source\PSoC5/SPI_slave_PM.c ****     SPI_slave_Stop();
  87              		.loc 1 99 0
  88 001a FFF7FEFF 		bl	SPI_slave_Stop
  89              	.LVL0:
  90 001e 08BD     		pop	{r3, pc}
  91              	.L8:
  92              		.align	2
  93              	.L7:
  94 0020 94650040 		.word	1073767828
  95 0024 00000000 		.word	.LANCHOR0
  96              		.cfi_endproc
  97              	.LFE2:
  98              		.size	SPI_slave_Sleep, .-SPI_slave_Sleep
  99              		.section	.text.SPI_slave_Wakeup,"ax",%progbits
 100              		.align	2
 101              		.global	SPI_slave_Wakeup
 102              		.thumb
 103              		.thumb_func
 104              		.type	SPI_slave_Wakeup, %function
 105              	SPI_slave_Wakeup:
 106              	.LFB3:
 100:Generated_Source\PSoC5/SPI_slave_PM.c **** 
 101:Generated_Source\PSoC5/SPI_slave_PM.c **** }
 102:Generated_Source\PSoC5/SPI_slave_PM.c **** 
 103:Generated_Source\PSoC5/SPI_slave_PM.c **** 
 104:Generated_Source\PSoC5/SPI_slave_PM.c **** /*******************************************************************************
 105:Generated_Source\PSoC5/SPI_slave_PM.c **** * Function Name: SPI_slave_Wakeup
 106:Generated_Source\PSoC5/SPI_slave_PM.c **** ********************************************************************************
 107:Generated_Source\PSoC5/SPI_slave_PM.c **** *
 108:Generated_Source\PSoC5/SPI_slave_PM.c **** * Summary:
 109:Generated_Source\PSoC5/SPI_slave_PM.c **** *  Prepare SPIM Component to wake up.
 110:Generated_Source\PSoC5/SPI_slave_PM.c **** *
 111:Generated_Source\PSoC5/SPI_slave_PM.c **** * Parameters:
 112:Generated_Source\PSoC5/SPI_slave_PM.c **** *  None.
 113:Generated_Source\PSoC5/SPI_slave_PM.c **** *
 114:Generated_Source\PSoC5/SPI_slave_PM.c **** * Return:
 115:Generated_Source\PSoC5/SPI_slave_PM.c **** *  None.
 116:Generated_Source\PSoC5/SPI_slave_PM.c **** *
 117:Generated_Source\PSoC5/SPI_slave_PM.c **** * Global Variables:
 118:Generated_Source\PSoC5/SPI_slave_PM.c **** *  SPI_slave_backup - used when non-retention registers are restored.
 119:Generated_Source\PSoC5/SPI_slave_PM.c **** *  SPI_slave_txBufferWrite - modified every function call - resets to
 120:Generated_Source\PSoC5/SPI_slave_PM.c **** *  zero.
 121:Generated_Source\PSoC5/SPI_slave_PM.c **** *  SPI_slave_txBufferRead - modified every function call - resets to
 122:Generated_Source\PSoC5/SPI_slave_PM.c **** *  zero.
ARM GAS  C:\Users\sebbe\AppData\Local\Temp\ccyoTr5g.s 			page 5


 123:Generated_Source\PSoC5/SPI_slave_PM.c **** *  SPI_slave_rxBufferWrite - modified every function call - resets to
 124:Generated_Source\PSoC5/SPI_slave_PM.c **** *  zero.
 125:Generated_Source\PSoC5/SPI_slave_PM.c **** *  SPI_slave_rxBufferRead - modified every function call - resets to
 126:Generated_Source\PSoC5/SPI_slave_PM.c **** *  zero.
 127:Generated_Source\PSoC5/SPI_slave_PM.c **** *
 128:Generated_Source\PSoC5/SPI_slave_PM.c **** * Reentrant:
 129:Generated_Source\PSoC5/SPI_slave_PM.c **** *  No.
 130:Generated_Source\PSoC5/SPI_slave_PM.c **** *
 131:Generated_Source\PSoC5/SPI_slave_PM.c **** *******************************************************************************/
 132:Generated_Source\PSoC5/SPI_slave_PM.c **** void SPI_slave_Wakeup(void) 
 133:Generated_Source\PSoC5/SPI_slave_PM.c **** {
 107              		.loc 1 133 0
 108              		.cfi_startproc
 109              		@ args = 0, pretend = 0, frame = 0
 110              		@ frame_needed = 0, uses_anonymous_args = 0
 111 0000 08B5     		push	{r3, lr}
 112              		.cfi_def_cfa_offset 8
 113              		.cfi_offset 3, -8
 114              		.cfi_offset 14, -4
 134:Generated_Source\PSoC5/SPI_slave_PM.c ****     #if (SPI_slave_TX_SOFTWARE_BUF_ENABLED)
 135:Generated_Source\PSoC5/SPI_slave_PM.c ****         SPI_slave_txBufferFull = 0u;
 115              		.loc 1 135 0
 116 0002 0023     		movs	r3, #0
 117 0004 064A     		ldr	r2, .L12
 118 0006 1370     		strb	r3, [r2]
 136:Generated_Source\PSoC5/SPI_slave_PM.c ****         SPI_slave_txBufferRead = 0u;
 119              		.loc 1 136 0
 120 0008 064A     		ldr	r2, .L12+4
 121 000a 1370     		strb	r3, [r2]
 137:Generated_Source\PSoC5/SPI_slave_PM.c ****         SPI_slave_txBufferWrite = 0u;
 122              		.loc 1 137 0
 123 000c 064A     		ldr	r2, .L12+8
 124 000e 1370     		strb	r3, [r2]
 138:Generated_Source\PSoC5/SPI_slave_PM.c ****     #endif /* SPI_slave_TX_SOFTWARE_BUF_ENABLED */
 139:Generated_Source\PSoC5/SPI_slave_PM.c **** 
 140:Generated_Source\PSoC5/SPI_slave_PM.c ****     #if (SPI_slave_RX_SOFTWARE_BUF_ENABLED)
 141:Generated_Source\PSoC5/SPI_slave_PM.c ****         SPI_slave_rxBufferFull = 0u;
 142:Generated_Source\PSoC5/SPI_slave_PM.c ****         SPI_slave_rxBufferRead = 0u;
 143:Generated_Source\PSoC5/SPI_slave_PM.c ****         SPI_slave_rxBufferWrite = 0u;
 144:Generated_Source\PSoC5/SPI_slave_PM.c ****     #endif /* SPI_slave_RX_SOFTWARE_BUF_ENABLED */
 145:Generated_Source\PSoC5/SPI_slave_PM.c **** 
 146:Generated_Source\PSoC5/SPI_slave_PM.c ****     SPI_slave_ClearFIFO();
 125              		.loc 1 146 0
 126 0010 FFF7FEFF 		bl	SPI_slave_ClearFIFO
 127              	.LVL1:
 147:Generated_Source\PSoC5/SPI_slave_PM.c **** 
 148:Generated_Source\PSoC5/SPI_slave_PM.c ****     /* Restore components block enable state */
 149:Generated_Source\PSoC5/SPI_slave_PM.c ****     if (SPI_slave_backup.enableState != 0u)
 128              		.loc 1 149 0
 129 0014 054B     		ldr	r3, .L12+12
 130 0016 1B78     		ldrb	r3, [r3]	@ zero_extendqisi2
 131 0018 0BB1     		cbz	r3, .L9
 150:Generated_Source\PSoC5/SPI_slave_PM.c ****     {
 151:Generated_Source\PSoC5/SPI_slave_PM.c ****          /* Components block was enabled */
 152:Generated_Source\PSoC5/SPI_slave_PM.c ****          SPI_slave_Enable();
 132              		.loc 1 152 0
 133 001a FFF7FEFF 		bl	SPI_slave_Enable
ARM GAS  C:\Users\sebbe\AppData\Local\Temp\ccyoTr5g.s 			page 6


 134              	.LVL2:
 135              	.L9:
 136 001e 08BD     		pop	{r3, pc}
 137              	.L13:
 138              		.align	2
 139              	.L12:
 140 0020 00000000 		.word	SPI_slave_txBufferFull
 141 0024 00000000 		.word	SPI_slave_txBufferRead
 142 0028 00000000 		.word	SPI_slave_txBufferWrite
 143 002c 00000000 		.word	.LANCHOR0
 144              		.cfi_endproc
 145              	.LFE3:
 146              		.size	SPI_slave_Wakeup, .-SPI_slave_Wakeup
 147              		.data
 148              		.align	2
 149              		.set	.LANCHOR0,. + 0
 150              		.type	SPI_slave_backup, %object
 151              		.size	SPI_slave_backup, 2
 152              	SPI_slave_backup:
 153 0000 00       		.byte	0
 154 0001 07       		.byte	7
 155              		.text
 156              	.Letext0:
 157              		.file 2 "Generated_Source\\PSoC5\\cytypes.h"
 158              		.file 3 "Generated_Source\\PSoC5\\SPI_slave.h"
 159              		.file 4 "Generated_Source\\PSoC5\\SPI_slave_PVT.h"
 160              		.section	.debug_info,"",%progbits
 161              	.Ldebug_info0:
 162 0000 90010000 		.4byte	0x190
 163 0004 0400     		.2byte	0x4
 164 0006 00000000 		.4byte	.Ldebug_abbrev0
 165 000a 04       		.byte	0x4
 166 000b 01       		.uleb128 0x1
 167 000c C8000000 		.4byte	.LASF29
 168 0010 0C       		.byte	0xc
 169 0011 8E000000 		.4byte	.LASF30
 170 0015 45000000 		.4byte	.LASF31
 171 0019 00000000 		.4byte	.Ldebug_ranges0+0
 172 001d 00000000 		.4byte	0
 173 0021 00000000 		.4byte	.Ldebug_line0
 174 0025 02       		.uleb128 0x2
 175 0026 01       		.byte	0x1
 176 0027 06       		.byte	0x6
 177 0028 88020000 		.4byte	.LASF0
 178 002c 02       		.uleb128 0x2
 179 002d 01       		.byte	0x1
 180 002e 08       		.byte	0x8
 181 002f BA000000 		.4byte	.LASF1
 182 0033 02       		.uleb128 0x2
 183 0034 02       		.byte	0x2
 184 0035 05       		.byte	0x5
 185 0036 5D020000 		.4byte	.LASF2
 186 003a 02       		.uleb128 0x2
 187 003b 02       		.byte	0x2
 188 003c 07       		.byte	0x7
 189 003d 25000000 		.4byte	.LASF3
 190 0041 02       		.uleb128 0x2
ARM GAS  C:\Users\sebbe\AppData\Local\Temp\ccyoTr5g.s 			page 7


 191 0042 04       		.byte	0x4
 192 0043 05       		.byte	0x5
 193 0044 67020000 		.4byte	.LASF4
 194 0048 02       		.uleb128 0x2
 195 0049 04       		.byte	0x4
 196 004a 07       		.byte	0x7
 197 004b 5B010000 		.4byte	.LASF5
 198 004f 02       		.uleb128 0x2
 199 0050 08       		.byte	0x8
 200 0051 05       		.byte	0x5
 201 0052 1A020000 		.4byte	.LASF6
 202 0056 02       		.uleb128 0x2
 203 0057 08       		.byte	0x8
 204 0058 07       		.byte	0x7
 205 0059 CE010000 		.4byte	.LASF7
 206 005d 03       		.uleb128 0x3
 207 005e 04       		.byte	0x4
 208 005f 05       		.byte	0x5
 209 0060 696E7400 		.ascii	"int\000"
 210 0064 02       		.uleb128 0x2
 211 0065 04       		.byte	0x4
 212 0066 07       		.byte	0x7
 213 0067 38000000 		.4byte	.LASF8
 214 006b 04       		.uleb128 0x4
 215 006c 6D010000 		.4byte	.LASF12
 216 0070 02       		.byte	0x2
 217 0071 E401     		.2byte	0x1e4
 218 0073 2C000000 		.4byte	0x2c
 219 0077 02       		.uleb128 0x2
 220 0078 04       		.byte	0x4
 221 0079 04       		.byte	0x4
 222 007a B4000000 		.4byte	.LASF9
 223 007e 02       		.uleb128 0x2
 224 007f 08       		.byte	0x8
 225 0080 04       		.byte	0x4
 226 0081 73010000 		.4byte	.LASF10
 227 0085 02       		.uleb128 0x2
 228 0086 01       		.byte	0x1
 229 0087 08       		.byte	0x8
 230 0088 28020000 		.4byte	.LASF11
 231 008c 04       		.uleb128 0x4
 232 008d 56010000 		.4byte	.LASF13
 233 0091 02       		.byte	0x2
 234 0092 8E02     		.2byte	0x28e
 235 0094 98000000 		.4byte	0x98
 236 0098 05       		.uleb128 0x5
 237 0099 6B000000 		.4byte	0x6b
 238 009d 02       		.uleb128 0x2
 239 009e 08       		.byte	0x8
 240 009f 04       		.byte	0x4
 241 00a0 7C020000 		.4byte	.LASF14
 242 00a4 02       		.uleb128 0x2
 243 00a5 04       		.byte	0x4
 244 00a6 07       		.byte	0x7
 245 00a7 11020000 		.4byte	.LASF15
 246 00ab 06       		.uleb128 0x6
 247 00ac 02       		.byte	0x2
ARM GAS  C:\Users\sebbe\AppData\Local\Temp\ccyoTr5g.s 			page 8


 248 00ad 03       		.byte	0x3
 249 00ae 39       		.byte	0x39
 250 00af CC000000 		.4byte	0xcc
 251 00b3 07       		.uleb128 0x7
 252 00b4 70020000 		.4byte	.LASF16
 253 00b8 03       		.byte	0x3
 254 00b9 3B       		.byte	0x3b
 255 00ba 6B000000 		.4byte	0x6b
 256 00be 00       		.byte	0
 257 00bf 07       		.uleb128 0x7
 258 00c0 A1010000 		.4byte	.LASF17
 259 00c4 03       		.byte	0x3
 260 00c5 3C       		.byte	0x3c
 261 00c6 6B000000 		.4byte	0x6b
 262 00ca 01       		.byte	0x1
 263 00cb 00       		.byte	0
 264 00cc 08       		.uleb128 0x8
 265 00cd 2D020000 		.4byte	.LASF18
 266 00d1 03       		.byte	0x3
 267 00d2 3D       		.byte	0x3d
 268 00d3 AB000000 		.4byte	0xab
 269 00d7 09       		.uleb128 0x9
 270 00d8 FC010000 		.4byte	.LASF19
 271 00dc 01       		.byte	0x1
 272 00dd 29       		.byte	0x29
 273 00de 00000000 		.4byte	.LFB0
 274 00e2 02000000 		.4byte	.LFE0-.LFB0
 275 00e6 01       		.uleb128 0x1
 276 00e7 9C       		.byte	0x9c
 277 00e8 09       		.uleb128 0x9
 278 00e9 94020000 		.4byte	.LASF20
 279 00ed 01       		.byte	0x1
 280 00ee 3D       		.byte	0x3d
 281 00ef 00000000 		.4byte	.LFB1
 282 00f3 02000000 		.4byte	.LFE1-.LFB1
 283 00f7 01       		.uleb128 0x1
 284 00f8 9C       		.byte	0x9c
 285 00f9 0A       		.uleb128 0xa
 286 00fa 91010000 		.4byte	.LASF21
 287 00fe 01       		.byte	0x1
 288 00ff 57       		.byte	0x57
 289 0100 00000000 		.4byte	.LFB2
 290 0104 28000000 		.4byte	.LFE2-.LFB2
 291 0108 01       		.uleb128 0x1
 292 0109 9C       		.byte	0x9c
 293 010a 18010000 		.4byte	0x118
 294 010e 0B       		.uleb128 0xb
 295 010f 1E000000 		.4byte	.LVL0
 296 0113 72010000 		.4byte	0x172
 297 0117 00       		.byte	0
 298 0118 0A       		.uleb128 0xa
 299 0119 00000000 		.4byte	.LASF22
 300 011d 01       		.byte	0x1
 301 011e 84       		.byte	0x84
 302 011f 00000000 		.4byte	.LFB3
 303 0123 30000000 		.4byte	.LFE3-.LFB3
 304 0127 01       		.uleb128 0x1
ARM GAS  C:\Users\sebbe\AppData\Local\Temp\ccyoTr5g.s 			page 9


 305 0128 9C       		.byte	0x9c
 306 0129 40010000 		.4byte	0x140
 307 012d 0B       		.uleb128 0xb
 308 012e 14000000 		.4byte	.LVL1
 309 0132 7D010000 		.4byte	0x17d
 310 0136 0B       		.uleb128 0xb
 311 0137 1E000000 		.4byte	.LVL2
 312 013b 88010000 		.4byte	0x188
 313 013f 00       		.byte	0
 314 0140 0C       		.uleb128 0xc
 315 0141 BD010000 		.4byte	.LASF32
 316 0145 01       		.byte	0x1
 317 0146 14       		.byte	0x14
 318 0147 CC000000 		.4byte	0xcc
 319 014b 05       		.uleb128 0x5
 320 014c 03       		.byte	0x3
 321 014d 00000000 		.4byte	SPI_slave_backup
 322 0151 0D       		.uleb128 0xd
 323 0152 E5010000 		.4byte	.LASF23
 324 0156 04       		.byte	0x4
 325 0157 2F       		.byte	0x2f
 326 0158 98000000 		.4byte	0x98
 327 015c 0D       		.uleb128 0xd
 328 015d 45020000 		.4byte	.LASF24
 329 0161 04       		.byte	0x4
 330 0162 30       		.byte	0x30
 331 0163 98000000 		.4byte	0x98
 332 0167 0D       		.uleb128 0xd
 333 0168 7A010000 		.4byte	.LASF25
 334 016c 04       		.byte	0x4
 335 016d 31       		.byte	0x31
 336 016e 98000000 		.4byte	0x98
 337 0172 0E       		.uleb128 0xe
 338 0173 AC020000 		.4byte	.LASF26
 339 0177 AC020000 		.4byte	.LASF26
 340 017b 03       		.byte	0x3
 341 017c 47       		.byte	0x47
 342 017d 0E       		.uleb128 0xe
 343 017e 11000000 		.4byte	.LASF27
 344 0182 11000000 		.4byte	.LASF27
 345 0186 03       		.byte	0x3
 346 0187 63       		.byte	0x63
 347 0188 0E       		.uleb128 0xe
 348 0189 AC010000 		.4byte	.LASF28
 349 018d AC010000 		.4byte	.LASF28
 350 0191 03       		.byte	0x3
 351 0192 45       		.byte	0x45
 352 0193 00       		.byte	0
 353              		.section	.debug_abbrev,"",%progbits
 354              	.Ldebug_abbrev0:
 355 0000 01       		.uleb128 0x1
 356 0001 11       		.uleb128 0x11
 357 0002 01       		.byte	0x1
 358 0003 25       		.uleb128 0x25
 359 0004 0E       		.uleb128 0xe
 360 0005 13       		.uleb128 0x13
 361 0006 0B       		.uleb128 0xb
ARM GAS  C:\Users\sebbe\AppData\Local\Temp\ccyoTr5g.s 			page 10


 362 0007 03       		.uleb128 0x3
 363 0008 0E       		.uleb128 0xe
 364 0009 1B       		.uleb128 0x1b
 365 000a 0E       		.uleb128 0xe
 366 000b 55       		.uleb128 0x55
 367 000c 17       		.uleb128 0x17
 368 000d 11       		.uleb128 0x11
 369 000e 01       		.uleb128 0x1
 370 000f 10       		.uleb128 0x10
 371 0010 17       		.uleb128 0x17
 372 0011 00       		.byte	0
 373 0012 00       		.byte	0
 374 0013 02       		.uleb128 0x2
 375 0014 24       		.uleb128 0x24
 376 0015 00       		.byte	0
 377 0016 0B       		.uleb128 0xb
 378 0017 0B       		.uleb128 0xb
 379 0018 3E       		.uleb128 0x3e
 380 0019 0B       		.uleb128 0xb
 381 001a 03       		.uleb128 0x3
 382 001b 0E       		.uleb128 0xe
 383 001c 00       		.byte	0
 384 001d 00       		.byte	0
 385 001e 03       		.uleb128 0x3
 386 001f 24       		.uleb128 0x24
 387 0020 00       		.byte	0
 388 0021 0B       		.uleb128 0xb
 389 0022 0B       		.uleb128 0xb
 390 0023 3E       		.uleb128 0x3e
 391 0024 0B       		.uleb128 0xb
 392 0025 03       		.uleb128 0x3
 393 0026 08       		.uleb128 0x8
 394 0027 00       		.byte	0
 395 0028 00       		.byte	0
 396 0029 04       		.uleb128 0x4
 397 002a 16       		.uleb128 0x16
 398 002b 00       		.byte	0
 399 002c 03       		.uleb128 0x3
 400 002d 0E       		.uleb128 0xe
 401 002e 3A       		.uleb128 0x3a
 402 002f 0B       		.uleb128 0xb
 403 0030 3B       		.uleb128 0x3b
 404 0031 05       		.uleb128 0x5
 405 0032 49       		.uleb128 0x49
 406 0033 13       		.uleb128 0x13
 407 0034 00       		.byte	0
 408 0035 00       		.byte	0
 409 0036 05       		.uleb128 0x5
 410 0037 35       		.uleb128 0x35
 411 0038 00       		.byte	0
 412 0039 49       		.uleb128 0x49
 413 003a 13       		.uleb128 0x13
 414 003b 00       		.byte	0
 415 003c 00       		.byte	0
 416 003d 06       		.uleb128 0x6
 417 003e 13       		.uleb128 0x13
 418 003f 01       		.byte	0x1
ARM GAS  C:\Users\sebbe\AppData\Local\Temp\ccyoTr5g.s 			page 11


 419 0040 0B       		.uleb128 0xb
 420 0041 0B       		.uleb128 0xb
 421 0042 3A       		.uleb128 0x3a
 422 0043 0B       		.uleb128 0xb
 423 0044 3B       		.uleb128 0x3b
 424 0045 0B       		.uleb128 0xb
 425 0046 01       		.uleb128 0x1
 426 0047 13       		.uleb128 0x13
 427 0048 00       		.byte	0
 428 0049 00       		.byte	0
 429 004a 07       		.uleb128 0x7
 430 004b 0D       		.uleb128 0xd
 431 004c 00       		.byte	0
 432 004d 03       		.uleb128 0x3
 433 004e 0E       		.uleb128 0xe
 434 004f 3A       		.uleb128 0x3a
 435 0050 0B       		.uleb128 0xb
 436 0051 3B       		.uleb128 0x3b
 437 0052 0B       		.uleb128 0xb
 438 0053 49       		.uleb128 0x49
 439 0054 13       		.uleb128 0x13
 440 0055 38       		.uleb128 0x38
 441 0056 0B       		.uleb128 0xb
 442 0057 00       		.byte	0
 443 0058 00       		.byte	0
 444 0059 08       		.uleb128 0x8
 445 005a 16       		.uleb128 0x16
 446 005b 00       		.byte	0
 447 005c 03       		.uleb128 0x3
 448 005d 0E       		.uleb128 0xe
 449 005e 3A       		.uleb128 0x3a
 450 005f 0B       		.uleb128 0xb
 451 0060 3B       		.uleb128 0x3b
 452 0061 0B       		.uleb128 0xb
 453 0062 49       		.uleb128 0x49
 454 0063 13       		.uleb128 0x13
 455 0064 00       		.byte	0
 456 0065 00       		.byte	0
 457 0066 09       		.uleb128 0x9
 458 0067 2E       		.uleb128 0x2e
 459 0068 00       		.byte	0
 460 0069 3F       		.uleb128 0x3f
 461 006a 19       		.uleb128 0x19
 462 006b 03       		.uleb128 0x3
 463 006c 0E       		.uleb128 0xe
 464 006d 3A       		.uleb128 0x3a
 465 006e 0B       		.uleb128 0xb
 466 006f 3B       		.uleb128 0x3b
 467 0070 0B       		.uleb128 0xb
 468 0071 27       		.uleb128 0x27
 469 0072 19       		.uleb128 0x19
 470 0073 11       		.uleb128 0x11
 471 0074 01       		.uleb128 0x1
 472 0075 12       		.uleb128 0x12
 473 0076 06       		.uleb128 0x6
 474 0077 40       		.uleb128 0x40
 475 0078 18       		.uleb128 0x18
ARM GAS  C:\Users\sebbe\AppData\Local\Temp\ccyoTr5g.s 			page 12


 476 0079 9742     		.uleb128 0x2117
 477 007b 19       		.uleb128 0x19
 478 007c 00       		.byte	0
 479 007d 00       		.byte	0
 480 007e 0A       		.uleb128 0xa
 481 007f 2E       		.uleb128 0x2e
 482 0080 01       		.byte	0x1
 483 0081 3F       		.uleb128 0x3f
 484 0082 19       		.uleb128 0x19
 485 0083 03       		.uleb128 0x3
 486 0084 0E       		.uleb128 0xe
 487 0085 3A       		.uleb128 0x3a
 488 0086 0B       		.uleb128 0xb
 489 0087 3B       		.uleb128 0x3b
 490 0088 0B       		.uleb128 0xb
 491 0089 27       		.uleb128 0x27
 492 008a 19       		.uleb128 0x19
 493 008b 11       		.uleb128 0x11
 494 008c 01       		.uleb128 0x1
 495 008d 12       		.uleb128 0x12
 496 008e 06       		.uleb128 0x6
 497 008f 40       		.uleb128 0x40
 498 0090 18       		.uleb128 0x18
 499 0091 9742     		.uleb128 0x2117
 500 0093 19       		.uleb128 0x19
 501 0094 01       		.uleb128 0x1
 502 0095 13       		.uleb128 0x13
 503 0096 00       		.byte	0
 504 0097 00       		.byte	0
 505 0098 0B       		.uleb128 0xb
 506 0099 898201   		.uleb128 0x4109
 507 009c 00       		.byte	0
 508 009d 11       		.uleb128 0x11
 509 009e 01       		.uleb128 0x1
 510 009f 31       		.uleb128 0x31
 511 00a0 13       		.uleb128 0x13
 512 00a1 00       		.byte	0
 513 00a2 00       		.byte	0
 514 00a3 0C       		.uleb128 0xc
 515 00a4 34       		.uleb128 0x34
 516 00a5 00       		.byte	0
 517 00a6 03       		.uleb128 0x3
 518 00a7 0E       		.uleb128 0xe
 519 00a8 3A       		.uleb128 0x3a
 520 00a9 0B       		.uleb128 0xb
 521 00aa 3B       		.uleb128 0x3b
 522 00ab 0B       		.uleb128 0xb
 523 00ac 49       		.uleb128 0x49
 524 00ad 13       		.uleb128 0x13
 525 00ae 02       		.uleb128 0x2
 526 00af 18       		.uleb128 0x18
 527 00b0 00       		.byte	0
 528 00b1 00       		.byte	0
 529 00b2 0D       		.uleb128 0xd
 530 00b3 34       		.uleb128 0x34
 531 00b4 00       		.byte	0
 532 00b5 03       		.uleb128 0x3
ARM GAS  C:\Users\sebbe\AppData\Local\Temp\ccyoTr5g.s 			page 13


 533 00b6 0E       		.uleb128 0xe
 534 00b7 3A       		.uleb128 0x3a
 535 00b8 0B       		.uleb128 0xb
 536 00b9 3B       		.uleb128 0x3b
 537 00ba 0B       		.uleb128 0xb
 538 00bb 49       		.uleb128 0x49
 539 00bc 13       		.uleb128 0x13
 540 00bd 3F       		.uleb128 0x3f
 541 00be 19       		.uleb128 0x19
 542 00bf 3C       		.uleb128 0x3c
 543 00c0 19       		.uleb128 0x19
 544 00c1 00       		.byte	0
 545 00c2 00       		.byte	0
 546 00c3 0E       		.uleb128 0xe
 547 00c4 2E       		.uleb128 0x2e
 548 00c5 00       		.byte	0
 549 00c6 3F       		.uleb128 0x3f
 550 00c7 19       		.uleb128 0x19
 551 00c8 3C       		.uleb128 0x3c
 552 00c9 19       		.uleb128 0x19
 553 00ca 6E       		.uleb128 0x6e
 554 00cb 0E       		.uleb128 0xe
 555 00cc 03       		.uleb128 0x3
 556 00cd 0E       		.uleb128 0xe
 557 00ce 3A       		.uleb128 0x3a
 558 00cf 0B       		.uleb128 0xb
 559 00d0 3B       		.uleb128 0x3b
 560 00d1 0B       		.uleb128 0xb
 561 00d2 00       		.byte	0
 562 00d3 00       		.byte	0
 563 00d4 00       		.byte	0
 564              		.section	.debug_aranges,"",%progbits
 565 0000 34000000 		.4byte	0x34
 566 0004 0200     		.2byte	0x2
 567 0006 00000000 		.4byte	.Ldebug_info0
 568 000a 04       		.byte	0x4
 569 000b 00       		.byte	0
 570 000c 0000     		.2byte	0
 571 000e 0000     		.2byte	0
 572 0010 00000000 		.4byte	.LFB0
 573 0014 02000000 		.4byte	.LFE0-.LFB0
 574 0018 00000000 		.4byte	.LFB1
 575 001c 02000000 		.4byte	.LFE1-.LFB1
 576 0020 00000000 		.4byte	.LFB2
 577 0024 28000000 		.4byte	.LFE2-.LFB2
 578 0028 00000000 		.4byte	.LFB3
 579 002c 30000000 		.4byte	.LFE3-.LFB3
 580 0030 00000000 		.4byte	0
 581 0034 00000000 		.4byte	0
 582              		.section	.debug_ranges,"",%progbits
 583              	.Ldebug_ranges0:
 584 0000 00000000 		.4byte	.LFB0
 585 0004 02000000 		.4byte	.LFE0
 586 0008 00000000 		.4byte	.LFB1
 587 000c 02000000 		.4byte	.LFE1
 588 0010 00000000 		.4byte	.LFB2
 589 0014 28000000 		.4byte	.LFE2
ARM GAS  C:\Users\sebbe\AppData\Local\Temp\ccyoTr5g.s 			page 14


 590 0018 00000000 		.4byte	.LFB3
 591 001c 30000000 		.4byte	.LFE3
 592 0020 00000000 		.4byte	0
 593 0024 00000000 		.4byte	0
 594              		.section	.debug_line,"",%progbits
 595              	.Ldebug_line0:
 596 0000 BC000000 		.section	.debug_str,"MS",%progbits,1
 596      02006B00 
 596      00000201 
 596      FB0E0D00 
 596      01010101 
 597              	.LASF22:
 598 0000 5350495F 		.ascii	"SPI_slave_Wakeup\000"
 598      736C6176 
 598      655F5761 
 598      6B657570 
 598      00
 599              	.LASF27:
 600 0011 5350495F 		.ascii	"SPI_slave_ClearFIFO\000"
 600      736C6176 
 600      655F436C 
 600      65617246 
 600      49464F00 
 601              	.LASF3:
 602 0025 73686F72 		.ascii	"short unsigned int\000"
 602      7420756E 
 602      7369676E 
 602      65642069 
 602      6E7400
 603              	.LASF8:
 604 0038 756E7369 		.ascii	"unsigned int\000"
 604      676E6564 
 604      20696E74 
 604      00
 605              	.LASF31:
 606 0045 433A5C55 		.ascii	"C:\\Users\\sebbe\\Desktop\\spi_slave_v15\\sensor_re"
 606      73657273 
 606      5C736562 
 606      62655C44 
 606      65736B74 
 607 0073 6164696E 		.ascii	"ading_unit\\spi_slave.cydsn\000"
 607      675F756E 
 607      69745C73 
 607      70695F73 
 607      6C617665 
 608              	.LASF30:
 609 008e 47656E65 		.ascii	"Generated_Source\\PSoC5\\SPI_slave_PM.c\000"
 609      72617465 
 609      645F536F 
 609      75726365 
 609      5C50536F 
 610              	.LASF9:
 611 00b4 666C6F61 		.ascii	"float\000"
 611      7400
 612              	.LASF1:
 613 00ba 756E7369 		.ascii	"unsigned char\000"
 613      676E6564 
ARM GAS  C:\Users\sebbe\AppData\Local\Temp\ccyoTr5g.s 			page 15


 613      20636861 
 613      7200
 614              	.LASF29:
 615 00c8 474E5520 		.ascii	"GNU C11 5.4.1 20160609 (release) [ARM/embedded-5-br"
 615      43313120 
 615      352E342E 
 615      31203230 
 615      31363036 
 616 00fb 616E6368 		.ascii	"anch revision 237715] -mcpu=cortex-m3 -mthumb -g -O"
 616      20726576 
 616      6973696F 
 616      6E203233 
 616      37373135 
 617 012e 67202D66 		.ascii	"g -ffunction-sections -ffat-lto-objects\000"
 617      66756E63 
 617      74696F6E 
 617      2D736563 
 617      74696F6E 
 618              	.LASF13:
 619 0156 72656738 		.ascii	"reg8\000"
 619      00
 620              	.LASF5:
 621 015b 6C6F6E67 		.ascii	"long unsigned int\000"
 621      20756E73 
 621      69676E65 
 621      6420696E 
 621      7400
 622              	.LASF12:
 623 016d 75696E74 		.ascii	"uint8\000"
 623      3800
 624              	.LASF10:
 625 0173 646F7562 		.ascii	"double\000"
 625      6C6500
 626              	.LASF25:
 627 017a 5350495F 		.ascii	"SPI_slave_txBufferFull\000"
 627      736C6176 
 627      655F7478 
 627      42756666 
 627      65724675 
 628              	.LASF21:
 629 0191 5350495F 		.ascii	"SPI_slave_Sleep\000"
 629      736C6176 
 629      655F536C 
 629      65657000 
 630              	.LASF17:
 631 01a1 636E7472 		.ascii	"cntrPeriod\000"
 631      50657269 
 631      6F6400
 632              	.LASF28:
 633 01ac 5350495F 		.ascii	"SPI_slave_Enable\000"
 633      736C6176 
 633      655F456E 
 633      61626C65 
 633      00
 634              	.LASF32:
 635 01bd 5350495F 		.ascii	"SPI_slave_backup\000"
 635      736C6176 
ARM GAS  C:\Users\sebbe\AppData\Local\Temp\ccyoTr5g.s 			page 16


 635      655F6261 
 635      636B7570 
 635      00
 636              	.LASF7:
 637 01ce 6C6F6E67 		.ascii	"long long unsigned int\000"
 637      206C6F6E 
 637      6720756E 
 637      7369676E 
 637      65642069 
 638              	.LASF23:
 639 01e5 5350495F 		.ascii	"SPI_slave_txBufferRead\000"
 639      736C6176 
 639      655F7478 
 639      42756666 
 639      65725265 
 640              	.LASF19:
 641 01fc 5350495F 		.ascii	"SPI_slave_SaveConfig\000"
 641      736C6176 
 641      655F5361 
 641      7665436F 
 641      6E666967 
 642              	.LASF15:
 643 0211 73697A65 		.ascii	"sizetype\000"
 643      74797065 
 643      00
 644              	.LASF6:
 645 021a 6C6F6E67 		.ascii	"long long int\000"
 645      206C6F6E 
 645      6720696E 
 645      7400
 646              	.LASF11:
 647 0228 63686172 		.ascii	"char\000"
 647      00
 648              	.LASF18:
 649 022d 5350495F 		.ascii	"SPI_slave_BACKUP_STRUCT\000"
 649      736C6176 
 649      655F4241 
 649      434B5550 
 649      5F535452 
 650              	.LASF24:
 651 0245 5350495F 		.ascii	"SPI_slave_txBufferWrite\000"
 651      736C6176 
 651      655F7478 
 651      42756666 
 651      65725772 
 652              	.LASF2:
 653 025d 73686F72 		.ascii	"short int\000"
 653      7420696E 
 653      7400
 654              	.LASF4:
 655 0267 6C6F6E67 		.ascii	"long int\000"
 655      20696E74 
 655      00
 656              	.LASF16:
 657 0270 656E6162 		.ascii	"enableState\000"
 657      6C655374 
 657      61746500 
ARM GAS  C:\Users\sebbe\AppData\Local\Temp\ccyoTr5g.s 			page 17


 658              	.LASF14:
 659 027c 6C6F6E67 		.ascii	"long double\000"
 659      20646F75 
 659      626C6500 
 660              	.LASF0:
 661 0288 7369676E 		.ascii	"signed char\000"
 661      65642063 
 661      68617200 
 662              	.LASF20:
 663 0294 5350495F 		.ascii	"SPI_slave_RestoreConfig\000"
 663      736C6176 
 663      655F5265 
 663      73746F72 
 663      65436F6E 
 664              	.LASF26:
 665 02ac 5350495F 		.ascii	"SPI_slave_Stop\000"
 665      736C6176 
 665      655F5374 
 665      6F7000
 666              		.ident	"GCC: (GNU Tools for ARM Embedded Processors) 5.4.1 20160609 (release) [ARM/embedded-5-bran
