Archive member included to satisfy reference by file (symbol)

.\CortexM3\ARM_GCC_541\Debug\spi_slave.a(CyLib.o)
                              .\CortexM3\ARM_GCC_541\Debug\Cm3Start.o (CyHalt)
.\CortexM3\ARM_GCC_541\Debug\spi_slave.a(cyPm.o)
                              .\CortexM3\ARM_GCC_541\Debug\spi_slave.a(CyLib.o) (CyPmReadStatus)
.\CortexM3\ARM_GCC_541\Debug\spi_slave.a(SPI_slave.o)
                              .\CortexM3\ARM_GCC_541\Debug\SPI.o (SPI_slave_Stop)
.\CortexM3\ARM_GCC_541\Debug\spi_slave.a(SPI_slave_INT.o)
                              .\CortexM3\ARM_GCC_541\Debug\spi_slave.a(SPI_slave.o) (SPI_slave_TX_ISR)
.\CortexM3\ARM_GCC_541\Debug\spi_slave.a(slave_rx_interrupt.o)
                              .\CortexM3\ARM_GCC_541\Debug\SPI.o (slave_rx_interrupt_StartEx)
.\CortexM3\ARM_GCC_541\Debug\spi_slave.a(LED_pin.o)
                              .\CortexM3\ARM_GCC_541\Debug\main.o (LED_pin_Write)
.\CortexM3\ARM_GCC_541\Debug\spi_slave.a(UART_rx_interrupt.o)
                              .\CortexM3\ARM_GCC_541\Debug\UART.o (UART_rx_interrupt_StartEx)
.\CortexM3\ARM_GCC_541\Debug\spi_slave.a(UART_1.o)
                              .\CortexM3\ARM_GCC_541\Debug\UART.o (UART_1_Start)
.\CortexM3\ARM_GCC_541\Debug\spi_slave.a(UART_1_IntClock.o)
                              .\CortexM3\ARM_GCC_541\Debug\spi_slave.a(UART_1.o) (UART_1_IntClock_Start)
.\CortexM3\ARM_GCC_541\Debug\spi_slave.a(isr_wheel_tick.o)
                              .\CortexM3\ARM_GCC_541\Debug\wheelSensor.o (isr_wheel_tick_StartEx)
.\CortexM3\ARM_GCC_541\Debug\spi_slave.a(Timer_Isr_BikeIsStopping.o)
                              .\CortexM3\ARM_GCC_541\Debug\wheelSensor.o (Timer_Isr_BikeIsStopping_StartEx)
.\CortexM3\ARM_GCC_541\Debug\spi_slave.a(isr_bike_stopped.o)
                              .\CortexM3\ARM_GCC_541\Debug\Accelerometer.o (isr_bike_stopped_StartEx)
.\CortexM3\ARM_GCC_541\Debug\spi_slave.a(isr_bike_is_idle.o)
                              .\CortexM3\ARM_GCC_541\Debug\main.o (isr_bike_is_idle_Enable)
.\CortexM3\ARM_GCC_541\Debug\spi_slave.a(isr_bike_is_moving.o)
                              .\CortexM3\ARM_GCC_541\Debug\Accelerometer.o (isr_bike_is_moving_StartEx)
.\CortexM3\ARM_GCC_541\Debug\spi_slave.a(Pin_1_ac_idle.o)
                              .\CortexM3\ARM_GCC_541\Debug\main.o (Pin_1_ac_idle_ClearInterrupt)
.\CortexM3\ARM_GCC_541\Debug\spi_slave.a(Pin_2_ac_moving.o)
                              .\CortexM3\ARM_GCC_541\Debug\main.o (Pin_2_ac_moving_ClearInterrupt)
.\CortexM3\ARM_GCC_541\Debug\spi_slave.a(In_1.o)
                              .\CortexM3\ARM_GCC_541\Debug\main.o (In_1_Write)
.\CortexM3\ARM_GCC_541\Debug\spi_slave.a(In_2.o)
                              .\CortexM3\ARM_GCC_541\Debug\main.o (In_2_Write)
.\CortexM3\ARM_GCC_541\Debug\spi_slave.a(EA.o)
                              .\CortexM3\ARM_GCC_541\Debug\main.o (EA_Write)
.\CortexM3\ARM_GCC_541\Debug\spi_slave.a(isr_bikelock.o)
                              .\CortexM3\ARM_GCC_541\Debug\lockUnit.o (isr_bikelock_StartEx)
.\CortexM3\ARM_GCC_541\Debug\spi_slave.a(WheelTickTimer.o)
                              .\CortexM3\ARM_GCC_541\Debug\main.o (WheelTickTimer_ReadStatusRegister)
.\CortexM3\ARM_GCC_541\Debug\spi_slave.a(MotorLockTimer.o)
                              .\CortexM3\ARM_GCC_541\Debug\lockUnit.o (MotorLockTimer_Stop)
.\CortexM3\ARM_GCC_541\Debug\spi_slave.a(AccelerometerTimer.o)
                              .\CortexM3\ARM_GCC_541\Debug\main.o (AccelerometerTimer_ReadStatusRegister)
.\CortexM3\ARM_GCC_541\Debug\spi_slave.a(AccelerometerTimer_PM.o)
                              .\CortexM3\ARM_GCC_541\Debug\Accelerometer.o (AccelerometerTimer_Sleep)
.\CortexM3\ARM_GCC_541\Debug\spi_slave.a(WheelTickPin.o)
                              .\CortexM3\ARM_GCC_541\Debug\main.o (WheelTickPin_ClearInterrupt)
.\CortexM3\ARM_GCC_541\Debug\spi_slave.a(CyBootAsmGnu.o)
                              .\CortexM3\ARM_GCC_541\Debug\cyfitter_cfg.o (CyDelayCycles)
.\CortexM3\ARM_GCC_541\Debug\spi_slave.a(CyFlash.o)
                              .\CortexM3\ARM_GCC_541\Debug\spi_slave.a(cyPm.o) (CyFlash_SetWaitCycles)
.\CortexM3\ARM_GCC_541\Debug\spi_slave.a(CySpc.o)
                              .\CortexM3\ARM_GCC_541\Debug\spi_slave.a(CyFlash.o) (CySpcStart)
.\CortexM3\ARM_GCC_541\Debug\spi_slave.a(cyutils.o)
                              .\CortexM3\ARM_GCC_541\Debug\spi_slave.a(AccelerometerTimer.o) (CySetReg24)
c:/program files (x86)/cypress/psoc creator/4.2/psoc creator/import/gnu/arm/5.4.1/bin/../lib/gcc/arm-none-eabi/5.4.1/armv7-m\libgcc.a(_arm_addsubdf3.o)
                              .\CortexM3\ARM_GCC_541\Debug\main.o (__aeabi_dsub)
c:/program files (x86)/cypress/psoc creator/4.2/psoc creator/import/gnu/arm/5.4.1/bin/../lib/gcc/arm-none-eabi/5.4.1/armv7-m\libgcc.a(_arm_muldivdf3.o)
                              .\CortexM3\ARM_GCC_541\Debug\wheelSensor.o (__aeabi_dmul)
[...]
Memory Configuration

Name             Origin             Length             Attributes
rom              0x00000000         0x00040000         xr
ram              0x1fff8000         0x00010000         xrw
*default*        0x00000000         0xffffffff

Linker script and memory map

LOAD c:/program files (x86)/cypress/psoc creator/4.2/psoc creator/import/gnu/arm/5.4.1/bin/../lib/gcc/arm-none-eabi/5.4.1/armv7-m/crti.o
LOAD c:/program files (x86)/cypress/psoc creator/4.2/psoc creator/import/gnu/arm/5.4.1/bin/../lib/gcc/arm-none-eabi/5.4.1/armv7-m/crtbegin.o
LOAD c:/program files (x86)/cypress/psoc creator/4.2/psoc creator/import/gnu/arm/5.4.1/bin/../lib/gcc/arm-none-eabi/5.4.1/../../../../arm-none-eabi/lib/armv7-m/crt0.o
START GROUP
LOAD .\CortexM3\ARM_GCC_541\Debug\main.o
LOAD .\CortexM3\ARM_GCC_541\Debug\SPI.o
LOAD .\CortexM3\ARM_GCC_541\Debug\lockUnit.o
LOAD .\CortexM3\ARM_GCC_541\Debug\wheelSensor.o
LOAD .\CortexM3\ARM_GCC_541\Debug\UART.o
LOAD .\CortexM3\ARM_GCC_541\Debug\Accelerometer.o
LOAD .\CortexM3\ARM_GCC_541\Debug\EDBikeProtocol.o
LOAD .\CortexM3\ARM_GCC_541\Debug\SPIprotocol.o
LOAD .\CortexM3\ARM_GCC_541\Debug\cyfitter_cfg.o
LOAD .\CortexM3\ARM_GCC_541\Debug\cymetadata.o
LOAD .\CortexM3\ARM_GCC_541\Debug\Cm3Start.o
LOAD .\CortexM3\ARM_GCC_541\Debug\spi_slave.a
LOAD C:\Program Files (x86)\Cypress\PSoC Creator\4.2\PSoC Creator\psoc\content\cycomponentlibrary\CyComponentLibrary.cylib\CortexM3\ARM_GCC_541\Debug\CyComponentLibrary.a
LOAD c:/program files (x86)/cypress/psoc creator/4.2/psoc creator/import/gnu/arm/5.4.1/bin/../lib/gcc/arm-none-eabi/5.4.1/../../../../arm-none-eabi/lib/armv7-m\libm.a
END GROUP
START GROUP
LOAD c:/program files (x86)/cypress/psoc creator/4.2/psoc creator/import/gnu/arm/5.4.1/bin/../lib/gcc/arm-none-eabi/5.4.1/armv7-m\libgcc.a
LOAD c:/program files (x86)/cypress/psoc creator/4.2/psoc creator/import/gnu/arm/5.4.1/bin/../lib/gcc/arm-none-eabi/5.4.1/../../../../arm-none-eabi/lib/armv7-m\libg_nano.a
LOAD c:/program files (x86)/cypress/psoc creator/4.2/psoc creator/import/gnu/arm/5.4.1/bin/../lib/gcc/arm-none-eabi/5.4.1/../../../../arm-none-eabi/lib/armv7-m\libc_nano.a
END GROUP
START GROUP
LOAD c:/program files (x86)/cypress/psoc creator/4.2/psoc creator/import/gnu/arm/5.4.1/bin/../lib/gcc/arm-none-eabi/5.4.1/armv7-m\libgcc.a
LOAD c:/program files (x86)/cypress/psoc creator/4.2/psoc creator/import/gnu/arm/5.4.1/bin/../lib/gcc/arm-none-eabi/5.4.1/../../../../arm-none-eabi/lib/armv7-m\libc_nano.a
END GROUP
LOAD c:/program files (x86)/cypress/psoc creator/4.2/psoc creator/import/gnu/arm/5.4.1/bin/../lib/gcc/arm-none-eabi/5.4.1/armv7-m/crtend.o
LOAD c:/program files (x86)/cypress/psoc creator/4.2/psoc creator/import/gnu/arm/5.4.1/bin/../lib/gcc/arm-none-eabi/5.4.1/armv7-m/crtn.o
START GROUP
LOAD c:/program files (x86)/cypress/psoc creator/4.2/psoc creator/import/gnu/arm/5.4.1/bin/../lib/gcc/arm-none-eabi/5.4.1/armv7-m\libgcc.a
LOAD c:/program files (x86)/cypress/psoc creator/4.2/psoc creator/import/gnu/arm/5.4.1/bin/../lib/gcc/arm-none-eabi/5.4.1/../../../../arm-none-eabi/lib/armv7-m\libc.a
LOAD c:/program files (x86)/cypress/psoc creator/4.2/psoc creator/import/gnu/arm/5.4.1/bin/../lib/gcc/arm-none-eabi/5.4.1/../../../../arm-none-eabi/lib/armv7-m\libnosys.a
END GROUP
                0x00000000                CY_APPL_ORIGIN = 0x0
                0x00000100                CY_FLASH_ROW_SIZE = 0x100
                0x00000020                CY_ECC_ROW_SIZE = 0x20
                0x00000000                CY_EE_IN_BTLDR = 0x0
                0x00000000                CY_APPL_LOADABLE = 0x0
                0x00000800                CY_EE_SIZE = 0x800
                0x00000001                CY_APPL_NUM = 0x1
                0x00000001                CY_APPL_MAX = 0x1
                0x00000040                CY_METADATA_SIZE = 0x40
                0x00000000                CY_APPL_LOADABLE = 0x0
                0x00000000                CY_CHECKSUM_EXCLUDE_SIZE = ALIGN (0x0, CY_FLASH_ROW_SIZE)
                [!provide]                PROVIDE (__cy_heap_start, _end)
                0x00000001                PROVIDE (__cy_region_num, ((__cy_regions_end - __cy_regions) / 0x10))
                0x20008000                PROVIDE (__cy_stack, (ORIGIN (ram) + LENGTH (ram)))
                [!provide]                PROVIDE (__cy_heap_end, (__cy_stack - 0x800))

.cybootloader   0x00000000        0x0
 *(.cybootloader)
                0x00000000                appl1_start = CY_APPL_ORIGIN?CY_APPL_ORIGIN:ALIGN (CY_FLASH_ROW_SIZE)
                0x0001ff00                appl2_start = (appl1_start + ALIGN ((((LENGTH (rom) - appl1_start) - (0x2 * CY_FLASH_ROW_SIZE)) / 0x2), CY_FLASH_ROW_SIZE))
                0x00000000                appl_start = (CY_APPL_NUM == 0x1)?appl1_start:appl2_start
                0x00000000                ecc_offset = ((appl_start / CY_FLASH_ROW_SIZE) * CY_ECC_ROW_SIZE)
                0x00000000                ee_offset = (CY_APPL_LOADABLE && ! (CY_EE_IN_BTLDR))?((CY_EE_SIZE / CY_APPL_MAX) * (CY_APPL_NUM - 0x1)):0x0
                0x00000800                ee_size = (CY_APPL_LOADABLE && ! (CY_EE_IN_BTLDR))?(CY_EE_SIZE / CY_APPL_MAX):CY_EE_SIZE
                [!provide]                PROVIDE (CY_ECC_OFFSET, ecc_offset)

.text           0x00000000     0x37bc
 CREATE_OBJECT_SYMBOLS
                0x00000000                PROVIDE (__cy_interrupt_vector, RomVectors)
 *(.romvectors)
 .romvectors    0x00000000       0x10 .\CortexM3\ARM_GCC_541\Debug\Cm3Start.o
                0x00000000                RomVectors
                0x00000001                ASSERT ((. != __cy_interrupt_vector), No interrupt vector)
                0x00000001                ASSERT (CY_APPL_ORIGIN?(SIZEOF (.cybootloader) <= CY_APPL_ORIGIN):0x1, Wrong image location)
                0x00000010                PROVIDE (__cy_reset, Reset)
 *(.text.Reset)
 .text.Reset    0x00000010       0x18 .\CortexM3\ARM_GCC_541\Debug\Cm3Start.o
                0x00000010                Reset
                0x00000001                ASSERT ((. != __cy_reset), No reset code)
 *(.dma_init)
                0x00000001                ASSERT ((((appl_start + .) <= 0x10000) || 0x1), DMA Init must be within the first 64k of flash)
 *(.text .text.* .gnu.linkonce.t.*)
 .text          0x00000028       0x5c c:/program files (x86)/cypress/psoc creator/4.2/psoc creator/import/gnu/arm/5.4.1/bin/../lib/gcc/arm-none-eabi/5.4.1/armv7-m/crtbegin.o
 .text.centralDispatcher
                0x00000084       0xa0 .\CortexM3\ARM_GCC_541\Debug\main.o
                0x00000084                centralDispatcher
 .text.handleCommandReceived
                0x00000124       0x3c .\CortexM3\ARM_GCC_541\Debug\main.o
                0x00000124                handleCommandReceived
 .text.slave_rx_interrupt_handler
                0x00000160       0x18 .\CortexM3\ARM_GCC_541\Debug\main.o
                0x00000160                slave_rx_interrupt_handler
 .text.isr_wheel_tick_Handler
                0x00000178       0xa0 .\CortexM3\ARM_GCC_541\Debug\main.o
                0x00000178                isr_wheel_tick_Handler
 .text.Timer_Isr_BikeIsStopping_handler
                0x00000218       0x48 .\CortexM3\ARM_GCC_541\Debug\main.o
                0x00000218                Timer_Isr_BikeIsStopping_handler
 .text.UART_rx_interrupt_handler
                0x00000260       0x1c .\CortexM3\ARM_GCC_541\Debug\main.o
                0x00000260                UART_rx_interrupt_handler
 .text.bike_is_idle_handler
                0x0000027c       0x3c .\CortexM3\ARM_GCC_541\Debug\main.o
                0x0000027c                bike_is_idle_handler
 .text.bike_is_moving_handler
                0x000002b8       0x20 .\CortexM3\ARM_GCC_541\Debug\main.o
                0x000002b8                bike_is_moving_handler
 .text.bike_stopped_handler
                0x000002d8       0x3c .\CortexM3\ARM_GCC_541\Debug\main.o
                0x000002d8                bike_stopped_handler
 .text.isr_bikelock
                0x00000314       0x20 .\CortexM3\ARM_GCC_541\Debug\main.o
                0x00000314                isr_bikelock
 .text.main     0x00000334       0x40 .\CortexM3\ARM_GCC_541\Debug\main.o
                0x00000334                main
 .text.initSPI  0x00000374       0x18 .\CortexM3\ARM_GCC_541\Debug\SPI.o
                0x00000374                initSPI
 .text.receiveSPI
                0x0000038c       0x20 .\CortexM3\ARM_GCC_541\Debug\SPI.o
                0x0000038c                receiveSPI
 .text.loadToSpecificTxBufferIndex
                0x000003ac        0x4 .\CortexM3\ARM_GCC_541\Debug\SPI.o
                0x000003ac                loadToSpecificTxBufferIndex
 .text.transferIsReady
                0x000003b0       0x38 .\CortexM3\ARM_GCC_541\Debug\SPI.o
                0x000003b0                transferIsReady
 .text.initLockUnit
                0x000003e8       0x10 .\CortexM3\ARM_GCC_541\Debug\lockUnit.o
                0x000003e8                initLockUnit
 .text.unlockBike
                0x000003f8       0x1c .\CortexM3\ARM_GCC_541\Debug\lockUnit.o
                0x000003f8                unlockBike
 .text.lockBike
                0x00000414       0x1c .\CortexM3\ARM_GCC_541\Debug\lockUnit.o
                0x00000414                lockBike
 .text.stopLockTimer
                0x00000430        0x8 .\CortexM3\ARM_GCC_541\Debug\lockUnit.o
                0x00000430                stopLockTimer
 .text.initWheelSensor
                0x00000438       0x1c .\CortexM3\ARM_GCC_541\Debug\wheelSensor.o
                0x00000438                initWheelSensor
 .text.calcDistance
                0x00000454       0x14 .\CortexM3\ARM_GCC_541\Debug\wheelSensor.o
                0x00000454                calcDistance
 .text.calcSpeed
                0x00000468       0x28 .\CortexM3\ARM_GCC_541\Debug\wheelSensor.o
                0x00000468                calcSpeed
 .text.WheelRadiusToMetres
                0x00000490       0x14 .\CortexM3\ARM_GCC_541\Debug\wheelSensor.o
                0x00000490                WheelRadiusToMetres
 *fill*         0x000004a4        0x4 
 .text.calcWheelCirc
                0x000004a8       0x2c .\CortexM3\ARM_GCC_541\Debug\wheelSensor.o
                0x000004a8                calcWheelCirc
 .text.setSpeedToZero
                0x000004d4        0x8 .\CortexM3\ARM_GCC_541\Debug\wheelSensor.o
                0x000004d4                setSpeedToZero
 .text.resetSpeedTimer
                0x000004dc        0xc .\CortexM3\ARM_GCC_541\Debug\wheelSensor.o
                0x000004dc                resetSpeedTimer
 .text.initUART
                0x000004e8       0x1c .\CortexM3\ARM_GCC_541\Debug\UART.o
                0x000004e8                initUART
 .text.init_accelerometer
                0x00000504       0x24 .\CortexM3\ARM_GCC_541\Debug\Accelerometer.o
                0x00000504                init_accelerometer
 .text.stopAccelerometerTimer
                0x00000528        0x8 .\CortexM3\ARM_GCC_541\Debug\Accelerometer.o
                0x00000528                stopAccelerometerTimer
 .text.startAccelerometerTimer
                0x00000530        0x8 .\CortexM3\ARM_GCC_541\Debug\Accelerometer.o
                0x00000530                startAccelerometerTimer
 .text.resetAccelerometerTimer
                0x00000538       0x10 .\CortexM3\ARM_GCC_541\Debug\Accelerometer.o
                0x00000538                resetAccelerometerTimer
 .text.createParityBits
                0x00000548       0x44 .\CortexM3\ARM_GCC_541\Debug\SPIprotocol.o
                0x00000548                createParityBits
 .text.CyClockStartupError
                0x0000058c        0x4 .\CortexM3\ARM_GCC_541\Debug\cyfitter_cfg.o
 .text.cfg_write_bytes32
                0x00000590       0x34 .\CortexM3\ARM_GCC_541\Debug\cyfitter_cfg.o
 .text.AnalogSetDefault
                0x000005c4       0x28 .\CortexM3\ARM_GCC_541\Debug\cyfitter_cfg.o
 .text.CYMEMZERO
                0x000005ec        0xc .\CortexM3\ARM_GCC_541\Debug\cyfitter_cfg.o
 .text.ClockSetup
                0x000005f8       0xec .\CortexM3\ARM_GCC_541\Debug\cyfitter_cfg.o
 .text.CYCONFIGCPY
                0x000006e4        0x8 .\CortexM3\ARM_GCC_541\Debug\cyfitter_cfg.o
 .text.cyfitter_cfg
                0x000006ec      0x130 .\CortexM3\ARM_GCC_541\Debug\cyfitter_cfg.o
                0x000006ec                cyfitter_cfg
 .text.IntDefaultHandler
                0x0000081c       0x10 .\CortexM3\ARM_GCC_541\Debug\Cm3Start.o
                0x0000081c                IntDefaultHandler
 .text._sbrk    0x0000082c       0x30 .\CortexM3\ARM_GCC_541\Debug\Cm3Start.o
                0x0000082c                _sbrk
 .text.Start_c  0x0000085c       0x4c .\CortexM3\ARM_GCC_541\Debug\Cm3Start.o
                0x0000085c                Start_c
 .text.initialize_psoc
                0x000008a8       0x68 .\CortexM3\ARM_GCC_541\Debug\Cm3Start.o
                0x000008a8                initialize_psoc
 .text.CyHalt   0x00000910        0x4 .\CortexM3\ARM_GCC_541\Debug\spi_slave.a(CyLib.o)
                0x00000910                CyHalt
 .text.CyDelay  0x00000914       0x2c .\CortexM3\ARM_GCC_541\Debug\spi_slave.a(CyLib.o)
                0x00000914                CyDelay
 .text.CyIntSetVector
                0x00000940       0x28 .\CortexM3\ARM_GCC_541\Debug\spi_slave.a(CyLib.o)
                0x00000940                CyIntSetVector
 .text.CyIntSetPriority
                0x00000968       0x30 .\CortexM3\ARM_GCC_541\Debug\spi_slave.a(CyLib.o)
                0x00000968                CyIntSetPriority
 .text.SPI_slave_Enable
                0x00000998       0x3c .\CortexM3\ARM_GCC_541\Debug\spi_slave.a(SPI_slave.o)
                0x00000998                SPI_slave_Enable
 .text.SPI_slave_EnableTxInt
                0x000009d4        0xc .\CortexM3\ARM_GCC_541\Debug\spi_slave.a(SPI_slave.o)
                0x000009d4                SPI_slave_EnableTxInt
 .text.SPI_slave_DisableTxInt
                0x000009e0        0xc .\CortexM3\ARM_GCC_541\Debug\spi_slave.a(SPI_slave.o)
                0x000009e0                SPI_slave_DisableTxInt
 .text.SPI_slave_ReadTxStatus
                0x000009ec       0x28 .\CortexM3\ARM_GCC_541\Debug\spi_slave.a(SPI_slave.o)
                0x000009ec                SPI_slave_ReadTxStatus
 .text.SPI_slave_ReadRxStatus
                0x00000a14        0xc .\CortexM3\ARM_GCC_541\Debug\spi_slave.a(SPI_slave.o)
                0x00000a14                SPI_slave_ReadRxStatus
 .text.SPI_slave_WriteTxData
                0x00000a20       0xd4 .\CortexM3\ARM_GCC_541\Debug\spi_slave.a(SPI_slave.o)
                0x00000a20                SPI_slave_WriteTxData
 .text.SPI_slave_ReadRxData
                0x00000af4        0xc .\CortexM3\ARM_GCC_541\Debug\spi_slave.a(SPI_slave.o)
                0x00000af4                SPI_slave_ReadRxData
 .text.SPI_slave_GetRxBufferSize
                0x00000b00       0x18 .\CortexM3\ARM_GCC_541\Debug\spi_slave.a(SPI_slave.o)
                0x00000b00                SPI_slave_GetRxBufferSize
 .text.SPI_slave_ClearRxBuffer
                0x00000b18       0x1c .\CortexM3\ARM_GCC_541\Debug\spi_slave.a(SPI_slave.o)
                0x00000b18                SPI_slave_ClearRxBuffer
 .text.SPI_slave_ClearTxBuffer
                0x00000b34       0x54 .\CortexM3\ARM_GCC_541\Debug\spi_slave.a(SPI_slave.o)
                0x00000b34                SPI_slave_ClearTxBuffer
 .text.SPI_slave_PutArray
                0x00000b88       0x20 .\CortexM3\ARM_GCC_541\Debug\spi_slave.a(SPI_slave.o)
                0x00000b88                SPI_slave_PutArray
 .text.SPI_slave_ClearFIFO
                0x00000ba8       0x3c .\CortexM3\ARM_GCC_541\Debug\spi_slave.a(SPI_slave.o)
                0x00000ba8                SPI_slave_ClearFIFO
 .text.SPI_slave_Init
                0x00000be4       0x64 .\CortexM3\ARM_GCC_541\Debug\spi_slave.a(SPI_slave.o)
                0x00000be4                SPI_slave_Init
 .text.SPI_slave_Start
                0x00000c48       0x1c .\CortexM3\ARM_GCC_541\Debug\spi_slave.a(SPI_slave.o)
                0x00000c48                SPI_slave_Start
 .text.SPI_slave_TX_ISR
                0x00000c64       0xa0 .\CortexM3\ARM_GCC_541\Debug\spi_slave.a(SPI_slave_INT.o)
                0x00000c64                SPI_slave_TX_ISR
 .text.slave_rx_interrupt_SetVector
                0x00000d04        0xc .\CortexM3\ARM_GCC_541\Debug\spi_slave.a(slave_rx_interrupt.o)
                0x00000d04                slave_rx_interrupt_SetVector
 .text.slave_rx_interrupt_SetPriority
                0x00000d10       0x10 .\CortexM3\ARM_GCC_541\Debug\spi_slave.a(slave_rx_interrupt.o)
                0x00000d10                slave_rx_interrupt_SetPriority
 .text.slave_rx_interrupt_Enable
                0x00000d20       0x10 .\CortexM3\ARM_GCC_541\Debug\spi_slave.a(slave_rx_interrupt.o)
                0x00000d20                slave_rx_interrupt_Enable
 .text.slave_rx_interrupt_Disable
                0x00000d30       0x10 .\CortexM3\ARM_GCC_541\Debug\spi_slave.a(slave_rx_interrupt.o)
                0x00000d30                slave_rx_interrupt_Disable
 .text.slave_rx_interrupt_StartEx
                0x00000d40       0x1c .\CortexM3\ARM_GCC_541\Debug\spi_slave.a(slave_rx_interrupt.o)
                0x00000d40                slave_rx_interrupt_StartEx
 .text.LED_pin_Write
                0x00000d5c       0x18 .\CortexM3\ARM_GCC_541\Debug\spi_slave.a(LED_pin.o)
                0x00000d5c                LED_pin_Write
 .text.UART_rx_interrupt_SetVector
                0x00000d74        0xc .\CortexM3\ARM_GCC_541\Debug\spi_slave.a(UART_rx_interrupt.o)
                0x00000d74                UART_rx_interrupt_SetVector
 .text.UART_rx_interrupt_SetPriority
                0x00000d80       0x10 .\CortexM3\ARM_GCC_541\Debug\spi_slave.a(UART_rx_interrupt.o)
                0x00000d80                UART_rx_interrupt_SetPriority
 .text.UART_rx_interrupt_Enable
                0x00000d90        0xc .\CortexM3\ARM_GCC_541\Debug\spi_slave.a(UART_rx_interrupt.o)
                0x00000d90                UART_rx_interrupt_Enable
 .text.UART_rx_interrupt_Disable
                0x00000d9c        0xc .\CortexM3\ARM_GCC_541\Debug\spi_slave.a(UART_rx_interrupt.o)
                0x00000d9c                UART_rx_interrupt_Disable
 .text.UART_rx_interrupt_StartEx
                0x00000da8       0x1c .\CortexM3\ARM_GCC_541\Debug\spi_slave.a(UART_rx_interrupt.o)
                0x00000da8                UART_rx_interrupt_StartEx
 .text.UART_1_Init
                0x00000dc4       0x28 .\CortexM3\ARM_GCC_541\Debug\spi_slave.a(UART_1.o)
                0x00000dc4                UART_1_Init
 .text.UART_1_Enable
                0x00000dec       0x38 .\CortexM3\ARM_GCC_541\Debug\spi_slave.a(UART_1.o)
                0x00000dec                UART_1_Enable
 .text.UART_1_Start
                0x00000e24       0x1c .\CortexM3\ARM_GCC_541\Debug\spi_slave.a(UART_1.o)
                0x00000e24                UART_1_Start
 .text.UART_1_ReadRxData
                0x00000e40        0xc .\CortexM3\ARM_GCC_541\Debug\spi_slave.a(UART_1.o)
                0x00000e40                UART_1_ReadRxData
 .text.UART_1_GetRxBufferSize
                0x00000e4c       0x18 .\CortexM3\ARM_GCC_541\Debug\spi_slave.a(UART_1.o)
                0x00000e4c                UART_1_GetRxBufferSize
 .text.UART_1_WriteTxData
                0x00000e64       0x14 .\CortexM3\ARM_GCC_541\Debug\spi_slave.a(UART_1.o)
                0x00000e64                UART_1_WriteTxData
 .text.UART_1_PutChar
                0x00000e78       0x18 .\CortexM3\ARM_GCC_541\Debug\spi_slave.a(UART_1.o)
                0x00000e78                UART_1_PutChar
 .text.UART_1_PutString
                0x00000e90       0x24 .\CortexM3\ARM_GCC_541\Debug\spi_slave.a(UART_1.o)
                0x00000e90                UART_1_PutString
 .text.UART_1_IntClock_Start
                0x00000eb4       0x1c .\CortexM3\ARM_GCC_541\Debug\spi_slave.a(UART_1_IntClock.o)
                0x00000eb4                UART_1_IntClock_Start
 .text.isr_wheel_tick_SetVector
                0x00000ed0        0xc .\CortexM3\ARM_GCC_541\Debug\spi_slave.a(isr_wheel_tick.o)
                0x00000ed0                isr_wheel_tick_SetVector
 .text.isr_wheel_tick_SetPriority
                0x00000edc       0x10 .\CortexM3\ARM_GCC_541\Debug\spi_slave.a(isr_wheel_tick.o)
                0x00000edc                isr_wheel_tick_SetPriority
 .text.isr_wheel_tick_Enable
                0x00000eec        0xc .\CortexM3\ARM_GCC_541\Debug\spi_slave.a(isr_wheel_tick.o)
                0x00000eec                isr_wheel_tick_Enable
 .text.isr_wheel_tick_Disable
                0x00000ef8        0xc .\CortexM3\ARM_GCC_541\Debug\spi_slave.a(isr_wheel_tick.o)
                0x00000ef8                isr_wheel_tick_Disable
 .text.isr_wheel_tick_StartEx
                0x00000f04       0x1c .\CortexM3\ARM_GCC_541\Debug\spi_slave.a(isr_wheel_tick.o)
                0x00000f04                isr_wheel_tick_StartEx
 .text.Timer_Isr_BikeIsStopping_SetVector
                0x00000f20        0xc .\CortexM3\ARM_GCC_541\Debug\spi_slave.a(Timer_Isr_BikeIsStopping.o)
                0x00000f20                Timer_Isr_BikeIsStopping_SetVector
 .text.Timer_Isr_BikeIsStopping_SetPriority
                0x00000f2c       0x10 .\CortexM3\ARM_GCC_541\Debug\spi_slave.a(Timer_Isr_BikeIsStopping.o)
                0x00000f2c                Timer_Isr_BikeIsStopping_SetPriority
 .text.Timer_Isr_BikeIsStopping_Enable
                0x00000f3c        0xc .\CortexM3\ARM_GCC_541\Debug\spi_slave.a(Timer_Isr_BikeIsStopping.o)
                0x00000f3c                Timer_Isr_BikeIsStopping_Enable
 .text.Timer_Isr_BikeIsStopping_Disable
                0x00000f48        0xc .\CortexM3\ARM_GCC_541\Debug\spi_slave.a(Timer_Isr_BikeIsStopping.o)
                0x00000f48                Timer_Isr_BikeIsStopping_Disable
 .text.Timer_Isr_BikeIsStopping_StartEx
                0x00000f54       0x1c .\CortexM3\ARM_GCC_541\Debug\spi_slave.a(Timer_Isr_BikeIsStopping.o)
                0x00000f54                Timer_Isr_BikeIsStopping_StartEx
 .text.isr_bike_stopped_SetVector
                0x00000f70        0xc .\CortexM3\ARM_GCC_541\Debug\spi_slave.a(isr_bike_stopped.o)
                0x00000f70                isr_bike_stopped_SetVector
 .text.isr_bike_stopped_SetPriority
                0x00000f7c       0x10 .\CortexM3\ARM_GCC_541\Debug\spi_slave.a(isr_bike_stopped.o)
                0x00000f7c                isr_bike_stopped_SetPriority
 .text.isr_bike_stopped_Enable
                0x00000f8c        0xc .\CortexM3\ARM_GCC_541\Debug\spi_slave.a(isr_bike_stopped.o)
                0x00000f8c                isr_bike_stopped_Enable
 .text.isr_bike_stopped_Disable
                0x00000f98        0xc .\CortexM3\ARM_GCC_541\Debug\spi_slave.a(isr_bike_stopped.o)
                0x00000f98                isr_bike_stopped_Disable
 .text.isr_bike_stopped_StartEx
                0x00000fa4       0x1c .\CortexM3\ARM_GCC_541\Debug\spi_slave.a(isr_bike_stopped.o)
                0x00000fa4                isr_bike_stopped_StartEx
 .text.isr_bike_is_idle_SetVector
                0x00000fc0        0xc .\CortexM3\ARM_GCC_541\Debug\spi_slave.a(isr_bike_is_idle.o)
                0x00000fc0                isr_bike_is_idle_SetVector
 .text.isr_bike_is_idle_SetPriority
                0x00000fcc       0x10 .\CortexM3\ARM_GCC_541\Debug\spi_slave.a(isr_bike_is_idle.o)
                0x00000fcc                isr_bike_is_idle_SetPriority
 .text.isr_bike_is_idle_Enable
                0x00000fdc        0xc .\CortexM3\ARM_GCC_541\Debug\spi_slave.a(isr_bike_is_idle.o)
                0x00000fdc                isr_bike_is_idle_Enable
 .text.isr_bike_is_idle_Disable
                0x00000fe8        0xc .\CortexM3\ARM_GCC_541\Debug\spi_slave.a(isr_bike_is_idle.o)
                0x00000fe8                isr_bike_is_idle_Disable
 .text.isr_bike_is_idle_StartEx
                0x00000ff4       0x1c .\CortexM3\ARM_GCC_541\Debug\spi_slave.a(isr_bike_is_idle.o)
                0x00000ff4                isr_bike_is_idle_StartEx
 .text.isr_bike_is_idle_ClearPending
                0x00001010        0xc .\CortexM3\ARM_GCC_541\Debug\spi_slave.a(isr_bike_is_idle.o)
                0x00001010                isr_bike_is_idle_ClearPending
 .text.isr_bike_is_moving_SetVector
                0x0000101c        0xc .\CortexM3\ARM_GCC_541\Debug\spi_slave.a(isr_bike_is_moving.o)
                0x0000101c                isr_bike_is_moving_SetVector
 .text.isr_bike_is_moving_SetPriority
                0x00001028       0x10 .\CortexM3\ARM_GCC_541\Debug\spi_slave.a(isr_bike_is_moving.o)
                0x00001028                isr_bike_is_moving_SetPriority
 .text.isr_bike_is_moving_Enable
                0x00001038        0xc .\CortexM3\ARM_GCC_541\Debug\spi_slave.a(isr_bike_is_moving.o)
                0x00001038                isr_bike_is_moving_Enable
 .text.isr_bike_is_moving_Disable
                0x00001044        0xc .\CortexM3\ARM_GCC_541\Debug\spi_slave.a(isr_bike_is_moving.o)
                0x00001044                isr_bike_is_moving_Disable
 .text.isr_bike_is_moving_StartEx
                0x00001050       0x1c .\CortexM3\ARM_GCC_541\Debug\spi_slave.a(isr_bike_is_moving.o)
                0x00001050                isr_bike_is_moving_StartEx
 .text.Pin_1_ac_idle_ClearInterrupt
                0x0000106c       0x10 .\CortexM3\ARM_GCC_541\Debug\spi_slave.a(Pin_1_ac_idle.o)
                0x0000106c                Pin_1_ac_idle_ClearInterrupt
 .text.Pin_2_ac_moving_ClearInterrupt
                0x0000107c       0x10 .\CortexM3\ARM_GCC_541\Debug\spi_slave.a(Pin_2_ac_moving.o)
                0x0000107c                Pin_2_ac_moving_ClearInterrupt
 .text.In_1_Write
                0x0000108c       0x18 .\CortexM3\ARM_GCC_541\Debug\spi_slave.a(In_1.o)
                0x0000108c                In_1_Write
 .text.In_2_Write
                0x000010a4       0x18 .\CortexM3\ARM_GCC_541\Debug\spi_slave.a(In_2.o)
                0x000010a4                In_2_Write
 .text.EA_Write
                0x000010bc       0x18 .\CortexM3\ARM_GCC_541\Debug\spi_slave.a(EA.o)
                0x000010bc                EA_Write
 .text.isr_bikelock_SetVector
                0x000010d4        0xc .\CortexM3\ARM_GCC_541\Debug\spi_slave.a(isr_bikelock.o)
                0x000010d4                isr_bikelock_SetVector
 .text.isr_bikelock_SetPriority
                0x000010e0       0x10 .\CortexM3\ARM_GCC_541\Debug\spi_slave.a(isr_bikelock.o)
                0x000010e0                isr_bikelock_SetPriority
 .text.isr_bikelock_Enable
                0x000010f0        0xc .\CortexM3\ARM_GCC_541\Debug\spi_slave.a(isr_bikelock.o)
                0x000010f0                isr_bikelock_Enable
 .text.isr_bikelock_Disable
                0x000010fc        0xc .\CortexM3\ARM_GCC_541\Debug\spi_slave.a(isr_bikelock.o)
                0x000010fc                isr_bikelock_Disable
 .text.isr_bikelock_StartEx
                0x00001108       0x1c .\CortexM3\ARM_GCC_541\Debug\spi_slave.a(isr_bikelock.o)
                0x00001108                isr_bikelock_StartEx
 .text.WheelTickTimer_Enable
                0x00001124       0x10 .\CortexM3\ARM_GCC_541\Debug\spi_slave.a(WheelTickTimer.o)
                0x00001124                WheelTickTimer_Enable
 .text.WheelTickTimer_SetInterruptMode
                0x00001134        0xc .\CortexM3\ARM_GCC_541\Debug\spi_slave.a(WheelTickTimer.o)
                0x00001134                WheelTickTimer_SetInterruptMode
 .text.WheelTickTimer_ReadStatusRegister
                0x00001140        0xc .\CortexM3\ARM_GCC_541\Debug\spi_slave.a(WheelTickTimer.o)
                0x00001140                WheelTickTimer_ReadStatusRegister
 .text.WheelTickTimer_WritePeriod
                0x0000114c        0xc .\CortexM3\ARM_GCC_541\Debug\spi_slave.a(WheelTickTimer.o)
                0x0000114c                WheelTickTimer_WritePeriod
 .text.WheelTickTimer_ReadCapture
                0x00001158        0xc .\CortexM3\ARM_GCC_541\Debug\spi_slave.a(WheelTickTimer.o)
                0x00001158                WheelTickTimer_ReadCapture
 .text.WheelTickTimer_WriteCounter
                0x00001164        0xc .\CortexM3\ARM_GCC_541\Debug\spi_slave.a(WheelTickTimer.o)
                0x00001164                WheelTickTimer_WriteCounter
 .text.WheelTickTimer_ReadCounter
                0x00001170       0x14 .\CortexM3\ARM_GCC_541\Debug\spi_slave.a(WheelTickTimer.o)
                0x00001170                WheelTickTimer_ReadCounter
 .text.WheelTickTimer_ClearFIFO
                0x00001184       0x14 .\CortexM3\ARM_GCC_541\Debug\spi_slave.a(WheelTickTimer.o)
                0x00001184                WheelTickTimer_ClearFIFO
 .text.WheelTickTimer_Init
                0x00001198       0x34 .\CortexM3\ARM_GCC_541\Debug\spi_slave.a(WheelTickTimer.o)
                0x00001198                WheelTickTimer_Init
 .text.WheelTickTimer_Start
                0x000011cc       0x1c .\CortexM3\ARM_GCC_541\Debug\spi_slave.a(WheelTickTimer.o)
                0x000011cc                WheelTickTimer_Start
 .text.MotorLockTimer_Enable
                0x000011e8       0x10 .\CortexM3\ARM_GCC_541\Debug\spi_slave.a(MotorLockTimer.o)
                0x000011e8                MotorLockTimer_Enable
 .text.MotorLockTimer_Stop
                0x000011f8       0x10 .\CortexM3\ARM_GCC_541\Debug\spi_slave.a(MotorLockTimer.o)
                0x000011f8                MotorLockTimer_Stop
 .text.MotorLockTimer_SetInterruptMode
                0x00001208        0xc .\CortexM3\ARM_GCC_541\Debug\spi_slave.a(MotorLockTimer.o)
                0x00001208                MotorLockTimer_SetInterruptMode
 .text.MotorLockTimer_ReadStatusRegister
                0x00001214        0xc .\CortexM3\ARM_GCC_541\Debug\spi_slave.a(MotorLockTimer.o)
                0x00001214                MotorLockTimer_ReadStatusRegister
 .text.MotorLockTimer_WritePeriod
                0x00001220        0xc .\CortexM3\ARM_GCC_541\Debug\spi_slave.a(MotorLockTimer.o)
                0x00001220                MotorLockTimer_WritePeriod
 .text.MotorLockTimer_ReadCapture
                0x0000122c        0xc .\CortexM3\ARM_GCC_541\Debug\spi_slave.a(MotorLockTimer.o)
                0x0000122c                MotorLockTimer_ReadCapture
 .text.MotorLockTimer_WriteCounter
                0x00001238        0xc .\CortexM3\ARM_GCC_541\Debug\spi_slave.a(MotorLockTimer.o)
                0x00001238                MotorLockTimer_WriteCounter
 .text.MotorLockTimer_ClearFIFO
                0x00001244       0x14 .\CortexM3\ARM_GCC_541\Debug\spi_slave.a(MotorLockTimer.o)
                0x00001244                MotorLockTimer_ClearFIFO
 .text.MotorLockTimer_Init
                0x00001258       0x34 .\CortexM3\ARM_GCC_541\Debug\spi_slave.a(MotorLockTimer.o)
                0x00001258                MotorLockTimer_Init
 .text.MotorLockTimer_Start
                0x0000128c       0x1c .\CortexM3\ARM_GCC_541\Debug\spi_slave.a(MotorLockTimer.o)
                0x0000128c                MotorLockTimer_Start
 .text.AccelerometerTimer_Enable
                0x000012a8       0x10 .\CortexM3\ARM_GCC_541\Debug\spi_slave.a(AccelerometerTimer.o)
                0x000012a8                AccelerometerTimer_Enable
 .text.AccelerometerTimer_Stop
                0x000012b8       0x10 .\CortexM3\ARM_GCC_541\Debug\spi_slave.a(AccelerometerTimer.o)
                0x000012b8                AccelerometerTimer_Stop
 .text.AccelerometerTimer_SetInterruptMode
                0x000012c8        0xc .\CortexM3\ARM_GCC_541\Debug\spi_slave.a(AccelerometerTimer.o)
                0x000012c8                AccelerometerTimer_SetInterruptMode
 .text.AccelerometerTimer_ReadStatusRegister
                0x000012d4        0xc .\CortexM3\ARM_GCC_541\Debug\spi_slave.a(AccelerometerTimer.o)
                0x000012d4                AccelerometerTimer_ReadStatusRegister
 .text.AccelerometerTimer_ReadControlRegister
                0x000012e0        0xc .\CortexM3\ARM_GCC_541\Debug\spi_slave.a(AccelerometerTimer.o)
                0x000012e0                AccelerometerTimer_ReadControlRegister
 .text.AccelerometerTimer_WritePeriod
                0x000012ec       0x10 .\CortexM3\ARM_GCC_541\Debug\spi_slave.a(AccelerometerTimer.o)
                0x000012ec                AccelerometerTimer_WritePeriod
 .text.AccelerometerTimer_ReadCapture
                0x000012fc       0x10 .\CortexM3\ARM_GCC_541\Debug\spi_slave.a(AccelerometerTimer.o)
                0x000012fc                AccelerometerTimer_ReadCapture
 .text.AccelerometerTimer_WriteCounter
                0x0000130c       0x10 .\CortexM3\ARM_GCC_541\Debug\spi_slave.a(AccelerometerTimer.o)
                0x0000130c                AccelerometerTimer_WriteCounter
 .text.AccelerometerTimer_ReadCounter
                0x0000131c       0x18 .\CortexM3\ARM_GCC_541\Debug\spi_slave.a(AccelerometerTimer.o)
                0x0000131c                AccelerometerTimer_ReadCounter
 .text.AccelerometerTimer_ClearFIFO
                0x00001334       0x14 .\CortexM3\ARM_GCC_541\Debug\spi_slave.a(AccelerometerTimer.o)
                0x00001334                AccelerometerTimer_ClearFIFO
 .text.AccelerometerTimer_Init
                0x00001348       0x38 .\CortexM3\ARM_GCC_541\Debug\spi_slave.a(AccelerometerTimer.o)
                0x00001348                AccelerometerTimer_Init
 .text.AccelerometerTimer_Start
                0x00001380       0x1c .\CortexM3\ARM_GCC_541\Debug\spi_slave.a(AccelerometerTimer.o)
                0x00001380                AccelerometerTimer_Start
 .text.AccelerometerTimer_SaveConfig
                0x0000139c       0x20 .\CortexM3\ARM_GCC_541\Debug\spi_slave.a(AccelerometerTimer_PM.o)
                0x0000139c                AccelerometerTimer_SaveConfig
 .text.AccelerometerTimer_Sleep
                0x000013bc       0x2c .\CortexM3\ARM_GCC_541\Debug\spi_slave.a(AccelerometerTimer_PM.o)
                0x000013bc                AccelerometerTimer_Sleep
 .text.WheelTickPin_ClearInterrupt
                0x000013e8       0x10 .\CortexM3\ARM_GCC_541\Debug\spi_slave.a(WheelTickPin.o)
                0x000013e8                WheelTickPin_ClearInterrupt
 .text          0x000013f8       0x20 .\CortexM3\ARM_GCC_541\Debug\spi_slave.a(CyBootAsmGnu.o)
                0x000013f8                CyDelayCycles
                0x00001408                CyEnterCriticalSection
                0x00001410                CyExitCriticalSection
 .text.CySetReg24
                0x00001418       0x14 .\CortexM3\ARM_GCC_541\Debug\spi_slave.a(cyutils.o)
                0x00001418                CySetReg24
 .text          0x0000142c      0x370 c:/program files (x86)/cypress/psoc creator/4.2/psoc creator/import/gnu/arm/5.4.1/bin/../lib/gcc/arm-none-eabi/5.4.1/armv7-m\libgcc.a(_arm_addsubdf3.o)
                0x0000142c                __aeabi_drsub
                0x00001434                __aeabi_dsub
                0x00001434                __subdf3
                0x00001438                __aeabi_dadd
                0x00001438                __adddf3
                0x000016b0                __floatunsidf
                0x000016b0                __aeabi_ui2d
                0x000016d0                __floatsidf
                0x000016d0                __aeabi_i2d
                0x000016f4                __aeabi_f2d
                0x000016f4                __extendsfdf2
                0x00001730                __floatundidf
                0x00001730                __aeabi_ul2d
                0x00001740                __floatdidf
                0x00001740                __aeabi_l2d
 .text          0x0000179c      0x424 c:/program files (x86)/cypress/psoc creator/4.2/psoc creator/import/gnu/arm/5.4.1/bin/../lib/gcc/arm-none-eabi/5.4.1/armv7-m\libgcc.a(_arm_muldivdf3.o)
                0x0000179c                __aeabi_dmul
                0x0000179c                __muldf3
                0x000019f0                __divdf3
                0x000019f0                __aeabi_ddiv
 .text          0x00001bc0       0x40 c:/program files (x86)/cypress/psoc creator/4.2/psoc creator/import/gnu/arm/5.4.1/bin/../lib/gcc/arm-none-eabi/5.4.1/armv7-m\libgcc.a(_arm_fixunsdfsi.o)
                0x00001bc0                __aeabi_d2uiz
                0x00001bc0                __fixunsdfsi
 .text.__errno  0x00001c00        0xc c:/program files (x86)/cypress/psoc creator/4.2/psoc creator/import/gnu/arm/5.4.1/bin/../lib/gcc/arm-none-eabi/5.4.1/../../../../arm-none-eabi/lib/armv7-m\libg_nano.a(lib_a-errno.o)
                0x00001c00                __errno
 .text.__libc_init_array
                0x00001c0c       0x4c c:/program files (x86)/cypress/psoc creator/4.2/psoc creator/import/gnu/arm/5.4.1/bin/../lib/gcc/arm-none-eabi/5.4.1/../../../../arm-none-eabi/lib/armv7-m\libg_nano.a(lib_a-init.o)
                0x00001c0c                __libc_init_array
 .text.memcpy   0x00001c58       0x16 c:/program files (x86)/cypress/psoc creator/4.2/psoc creator/import/gnu/arm/5.4.1/bin/../lib/gcc/arm-none-eabi/5.4.1/../../../../arm-none-eabi/lib/armv7-m\libg_nano.a(lib_a-memcpy-stub.o)
                0x00001c58                memcpy
 .text.memset   0x00001c6e       0x10 c:/program files (x86)/cypress/psoc creator/4.2/psoc creator/import/gnu/arm/5.4.1/bin/../lib/gcc/arm-none-eabi/5.4.1/../../../../arm-none-eabi/lib/armv7-m\libg_nano.a(lib_a-memset.o)
                0x00001c6e                memset
 .text.__cvt    0x00001c7e       0xc0 c:/program files (x86)/cypress/psoc creator/4.2/psoc creator/import/gnu/arm/5.4.1/bin/../lib/gcc/arm-none-eabi/5.4.1/../../../../arm-none-eabi/lib/armv7-m\libg_nano.a(lib_a-nano-vfprintf_float.o)
                0x00001c7e                __cvt
 .text.__exponent
                0x00001d3e       0x62 c:/program files (x86)/cypress/psoc creator/4.2/psoc creator/import/gnu/arm/5.4.1/bin/../lib/gcc/arm-none-eabi/5.4.1/../../../../arm-none-eabi/lib/armv7-m\libg_nano.a(lib_a-nano-vfprintf_float.o)
                0x00001d3e                __exponent
 .text._printf_float
                0x00001da0      0x488 c:/program files (x86)/cypress/psoc creator/4.2/psoc creator/import/gnu/arm/5.4.1/bin/../lib/gcc/arm-none-eabi/5.4.1/../../../../arm-none-eabi/lib/armv7-m\libg_nano.a(lib_a-nano-vfprintf_float.o)
                0x00001da0                _printf_float
 .text._printf_common
                0x00002228       0xec c:/program files (x86)/cypress/psoc creator/4.2/psoc creator/import/gnu/arm/5.4.1/bin/../lib/gcc/arm-none-eabi/5.4.1/../../../../arm-none-eabi/lib/armv7-m\libg_nano.a(lib_a-nano-vfprintf_i.o)
                0x00002228                _printf_common
 .text          0x00002314       0x10 c:/program files (x86)/cypress/psoc creator/4.2/psoc creator/import/gnu/arm/5.4.1/bin/../lib/gcc/arm-none-eabi/5.4.1/../../../../arm-none-eabi/lib/armv7-m\libg_nano.a(lib_a-strlen.o)
                0x00002314                strlen
 .text.quorem   0x00002324      0x116 c:/program files (x86)/cypress/psoc creator/4.2/psoc creator/import/gnu/arm/5.4.1/bin/../lib/gcc/arm-none-eabi/5.4.1/../../../../arm-none-eabi/lib/armv7-m\libg_nano.a(lib_a-dtoa.o)
 *fill*         0x0000243a        0x6 
 .text._dtoa_r  0x00002440      0xb30 c:/program files (x86)/cypress/psoc creator/4.2/psoc creator/import/gnu/arm/5.4.1/bin/../lib/gcc/arm-none-eabi/5.4.1/../../../../arm-none-eabi/lib/armv7-m\libg_nano.a(lib_a-dtoa.o)
                0x00002440                _dtoa_r
 .text._localeconv_r
                0x00002f70        0x8 c:/program files (x86)/cypress/psoc creator/4.2/psoc creator/import/gnu/arm/5.4.1/bin/../lib/gcc/arm-none-eabi/5.4.1/../../../../arm-none-eabi/lib/armv7-m\libg_nano.a(lib_a-locale.o)
                0x00002f70                _localeconv_r
 .text.malloc   0x00002f78       0x10 c:/program files (x86)/cypress/psoc creator/4.2/psoc creator/import/gnu/arm/5.4.1/bin/../lib/gcc/arm-none-eabi/5.4.1/../../../../arm-none-eabi/lib/armv7-m\libg_nano.a(lib_a-malloc.o)
                0x00002f78                malloc
 .text._Balloc  0x00002f88       0x6a c:/program files (x86)/cypress/psoc creator/4.2/psoc creator/import/gnu/arm/5.4.1/bin/../lib/gcc/arm-none-eabi/5.4.1/../../../../arm-none-eabi/lib/armv7-m\libg_nano.a(lib_a-mprec.o)
                0x00002f88                _Balloc
 .text._Bfree   0x00002ff2       0x2e c:/program files (x86)/cypress/psoc creator/4.2/psoc creator/import/gnu/arm/5.4.1/bin/../lib/gcc/arm-none-eabi/5.4.1/../../../../arm-none-eabi/lib/armv7-m\libg_nano.a(lib_a-mprec.o)
                0x00002ff2                _Bfree
 .text.__multadd
                0x00003020       0x76 c:/program files (x86)/cypress/psoc creator/4.2/psoc creator/import/gnu/arm/5.4.1/bin/../lib/gcc/arm-none-eabi/5.4.1/../../../../arm-none-eabi/lib/armv7-m\libg_nano.a(lib_a-mprec.o)
                0x00003020                __multadd
 .text.__hi0bits
                0x00003096       0x40 c:/program files (x86)/cypress/psoc creator/4.2/psoc creator/import/gnu/arm/5.4.1/bin/../lib/gcc/arm-none-eabi/5.4.1/../../../../arm-none-eabi/lib/armv7-m\libg_nano.a(lib_a-mprec.o)
                0x00003096                __hi0bits
 .text.__lo0bits
                0x000030d6       0x5a c:/program files (x86)/cypress/psoc creator/4.2/psoc creator/import/gnu/arm/5.4.1/bin/../lib/gcc/arm-none-eabi/5.4.1/../../../../arm-none-eabi/lib/armv7-m\libg_nano.a(lib_a-mprec.o)
                0x000030d6                __lo0bits
 .text.__i2b    0x00003130       0x12 c:/program files (x86)/cypress/psoc creator/4.2/psoc creator/import/gnu/arm/5.4.1/bin/../lib/gcc/arm-none-eabi/5.4.1/../../../../arm-none-eabi/lib/armv7-m\libg_nano.a(lib_a-mprec.o)
                0x00003130                __i2b
 .text.__multiply
                0x00003142      0x120 c:/program files (x86)/cypress/psoc creator/4.2/psoc creator/import/gnu/arm/5.4.1/bin/../lib/gcc/arm-none-eabi/5.4.1/../../../../arm-none-eabi/lib/armv7-m\libg_nano.a(lib_a-mprec.o)
                0x00003142                __multiply
 *fill*         0x00003262        0x2 
 .text.__pow5mult
                0x00003264       0x9c c:/program files (x86)/cypress/psoc creator/4.2/psoc creator/import/gnu/arm/5.4.1/bin/../lib/gcc/arm-none-eabi/5.4.1/../../../../arm-none-eabi/lib/armv7-m\libg_nano.a(lib_a-mprec.o)
                0x00003264                __pow5mult
 .text.__lshift
                0x00003300       0xa2 c:/program files (x86)/cypress/psoc creator/4.2/psoc creator/import/gnu/arm/5.4.1/bin/../lib/gcc/arm-none-eabi/5.4.1/../../../../arm-none-eabi/lib/armv7-m\libg_nano.a(lib_a-mprec.o)
                0x00003300                __lshift
 .text.__mcmp   0x000033a2       0x38 c:/program files (x86)/cypress/psoc creator/4.2/psoc creator/import/gnu/arm/5.4.1/bin/../lib/gcc/arm-none-eabi/5.4.1/../../../../arm-none-eabi/lib/armv7-m\libg_nano.a(lib_a-mprec.o)
                0x000033a2                __mcmp
 .text.__mdiff  0x000033da       0xbe c:/program files (x86)/cypress/psoc creator/4.2/psoc creator/import/gnu/arm/5.4.1/bin/../lib/gcc/arm-none-eabi/5.4.1/../../../../arm-none-eabi/lib/armv7-m\libg_nano.a(lib_a-mprec.o)
                0x000033da                __mdiff
 .text.__d2b    0x00003498       0x9c c:/program files (x86)/cypress/psoc creator/4.2/psoc creator/import/gnu/arm/5.4.1/bin/../lib/gcc/arm-none-eabi/5.4.1/../../../../arm-none-eabi/lib/armv7-m\libg_nano.a(lib_a-mprec.o)
                0x00003498                __d2b
 .text._calloc_r
                0x00003534       0x1c c:/program files (x86)/cypress/psoc creator/4.2/psoc creator/import/gnu/arm/5.4.1/bin/../lib/gcc/arm-none-eabi/5.4.1/../../../../arm-none-eabi/lib/armv7-m\libg_nano.a(lib_a-nano-callocr.o)
                0x00003534                _calloc_r
 .text._malloc_r
                0x00003550       0xbc c:/program files (x86)/cypress/psoc creator/4.2/psoc creator/import/gnu/arm/5.4.1/bin/../lib/gcc/arm-none-eabi/5.4.1/../../../../arm-none-eabi/lib/armv7-m\libg_nano.a(lib_a-nano-mallocr.o)
                0x00003550                _malloc_r
 .text._sbrk_r  0x0000360c       0x20 c:/program files (x86)/cypress/psoc creator/4.2/psoc creator/import/gnu/arm/5.4.1/bin/../lib/gcc/arm-none-eabi/5.4.1/../../../../arm-none-eabi/lib/armv7-m\libg_nano.a(lib_a-sbrkr.o)
                0x0000360c                _sbrk_r
 .text.__malloc_lock
                0x0000362c        0x2 c:/program files (x86)/cypress/psoc creator/4.2/psoc creator/import/gnu/arm/5.4.1/bin/../lib/gcc/arm-none-eabi/5.4.1/../../../../arm-none-eabi/lib/armv7-m\libg_nano.a(lib_a-mlock.o)
                0x0000362c                __malloc_lock
 .text.__malloc_unlock
                0x0000362e        0x2 c:/program files (x86)/cypress/psoc creator/4.2/psoc creator/import/gnu/arm/5.4.1/bin/../lib/gcc/arm-none-eabi/5.4.1/../../../../arm-none-eabi/lib/armv7-m\libg_nano.a(lib_a-mlock.o)
                0x0000362e                __malloc_unlock
 .text          0x00003630      0x110 c:/program files (x86)/cypress/psoc creator/4.2/psoc creator/import/gnu/arm/5.4.1/bin/../lib/gcc/arm-none-eabi/5.4.1/armv7-m\libgcc.a(_arm_cmpdf2.o)
                0x00003630                __gtdf2
                0x00003630                __gedf2
                0x00003638                __ltdf2
                0x00003638                __ledf2
                0x00003640                __nedf2
                0x00003640                __eqdf2
                0x00003640                __cmpdf2
                0x000036bc                __aeabi_cdrcmple
                0x000036cc                __aeabi_cdcmpeq
                0x000036cc                __aeabi_cdcmple
                0x000036dc                __aeabi_dcmpeq
                0x000036f0                __aeabi_dcmplt
                0x00003704                __aeabi_dcmple
                0x00003718                __aeabi_dcmpge
                0x0000372c                __aeabi_dcmpgt
 .text          0x00003740       0x2c c:/program files (x86)/cypress/psoc creator/4.2/psoc creator/import/gnu/arm/5.4.1/bin/../lib/gcc/arm-none-eabi/5.4.1/armv7-m\libgcc.a(_arm_unorddf2.o)
                0x00003740                __unorddf2
                0x00003740                __aeabi_dcmpun
 .text          0x0000376c       0x50 c:/program files (x86)/cypress/psoc creator/4.2/psoc creator/import/gnu/arm/5.4.1/bin/../lib/gcc/arm-none-eabi/5.4.1/armv7-m\libgcc.a(_arm_fixdfsi.o)
                0x0000376c                __aeabi_d2iz
                0x0000376c                __fixdfsi
 *(.plt)
 *(.gnu.warning)
 *(.glue_7t)
 .glue_7t       0x000037bc        0x0 linker stubs
 *(.glue_7)
 .glue_7        0x000037bc        0x0 linker stubs
 *(.vfp11_veneer)
 .vfp11_veneer  0x000037bc        0x0 linker stubs
 *(.bootloader)
 *(.ARM.extab* .gnu.linkonce.armextab.*)
 *(.gcc_except_table)

.v4_bx          0x000037bc        0x0
 .v4_bx         0x000037bc        0x0 linker stubs

.iplt           0x000037bc        0x0
 .iplt          0x000037bc        0x0 c:/program files (x86)/cypress/psoc creator/4.2/psoc creator/import/gnu/arm/5.4.1/bin/../lib/gcc/arm-none-eabi/5.4.1/armv7-m/crtbegin.o

.eh_frame_hdr
 *(.eh_frame_hdr)

.eh_frame       0x000037bc        0x4
 *(.eh_frame)
 .eh_frame      0x000037bc        0x0 c:/program files (x86)/cypress/psoc creator/4.2/psoc creator/import/gnu/arm/5.4.1/bin/../lib/gcc/arm-none-eabi/5.4.1/armv7-m/crtbegin.o
 .eh_frame      0x000037bc        0x4 c:/program files (x86)/cypress/psoc creator/4.2/psoc creator/import/gnu/arm/5.4.1/bin/../lib/gcc/arm-none-eabi/5.4.1/armv7-m/crtend.o
                [!provide]                PROVIDE (__exidx_start, .)

.ARM.exidx
 *(.ARM.exidx* .gnu.linkonce.armexidx.*)
                0x000037c0                __exidx_end = .

.rodata         0x000037c0      0x1b8
 *(.rodata .rodata.* .gnu.linkonce.r.*)
 .rodata.str1.4
                0x000037c0        0xc .\CortexM3\ARM_GCC_541\Debug\UART.o
                                  0xb (size before relaxing)
 .rodata        0x000037cc       0x44 .\CortexM3\ARM_GCC_541\Debug\cyfitter_cfg.o
 .rodata.str1.1
                0x00003810        0x2 c:/program files (x86)/cypress/psoc creator/4.2/psoc creator/import/gnu/arm/5.4.1/bin/../lib/gcc/arm-none-eabi/5.4.1/../../../../arm-none-eabi/lib/armv7-m\libg_nano.a(lib_a-impure.o)
 .rodata.str1.1
                0x00003812       0x12 c:/program files (x86)/cypress/psoc creator/4.2/psoc creator/import/gnu/arm/5.4.1/bin/../lib/gcc/arm-none-eabi/5.4.1/../../../../arm-none-eabi/lib/armv7-m\libg_nano.a(lib_a-nano-vfprintf_float.o)
 .rodata.str1.1
                0x00003824        0xd c:/program files (x86)/cypress/psoc creator/4.2/psoc creator/import/gnu/arm/5.4.1/bin/../lib/gcc/arm-none-eabi/5.4.1/../../../../arm-none-eabi/lib/armv7-m\libg_nano.a(lib_a-dtoa.o)
                                  0xf (size before relaxing)
 .rodata.str1.1
                0x00003831        0x8 c:/program files (x86)/cypress/psoc creator/4.2/psoc creator/import/gnu/arm/5.4.1/bin/../lib/gcc/arm-none-eabi/5.4.1/../../../../arm-none-eabi/lib/armv7-m\libg_nano.a(lib_a-locale.o)
                                  0xb (size before relaxing)
 *fill*         0x00003839        0x7 
 .rodata.__mprec_tens
                0x00003840       0xc8 c:/program files (x86)/cypress/psoc creator/4.2/psoc creator/import/gnu/arm/5.4.1/bin/../lib/gcc/arm-none-eabi/5.4.1/../../../../arm-none-eabi/lib/armv7-m\libg_nano.a(lib_a-mprec.o)
                0x00003840                __mprec_tens
 .rodata.p05.5408
                0x00003908        0xc c:/program files (x86)/cypress/psoc creator/4.2/psoc creator/import/gnu/arm/5.4.1/bin/../lib/gcc/arm-none-eabi/5.4.1/../../../../arm-none-eabi/lib/armv7-m\libg_nano.a(lib_a-mprec.o)
 *fill*         0x00003914        0x4 
 .rodata.__mprec_bigtens
                0x00003918       0x28 c:/program files (x86)/cypress/psoc creator/4.2/psoc creator/import/gnu/arm/5.4.1/bin/../lib/gcc/arm-none-eabi/5.4.1/../../../../arm-none-eabi/lib/armv7-m\libg_nano.a(lib_a-mprec.o)
                0x00003918                __mprec_bigtens
                0x00003940                . = ALIGN (0x4)
 *(.init)
 .init          0x00003940        0x4 c:/program files (x86)/cypress/psoc creator/4.2/psoc creator/import/gnu/arm/5.4.1/bin/../lib/gcc/arm-none-eabi/5.4.1/armv7-m/crti.o
                0x00003940                _init
 .init          0x00003944        0x8 c:/program files (x86)/cypress/psoc creator/4.2/psoc creator/import/gnu/arm/5.4.1/bin/../lib/gcc/arm-none-eabi/5.4.1/armv7-m/crtn.o
                0x0000394c                . = ALIGN (0x4)
                0x0000394c                __preinit_array_start = .
 *(.preinit_array)
                0x0000394c                __preinit_array_end = .
                0x0000394c                . = ALIGN (0x4)
                0x0000394c                __init_array_start = .
 *(SORT(.init_array.*))
 *(.init_array)
 .init_array    0x0000394c        0x4 c:/program files (x86)/cypress/psoc creator/4.2/psoc creator/import/gnu/arm/5.4.1/bin/../lib/gcc/arm-none-eabi/5.4.1/armv7-m/crtbegin.o
 .init_array    0x00003950        0x4 .\CortexM3\ARM_GCC_541\Debug\Cm3Start.o
                0x00003954                __init_array_end = .
                0x00003954                . = ALIGN (0x4)
 *(.fini)
 .fini          0x00003954        0x4 c:/program files (x86)/cypress/psoc creator/4.2/psoc creator/import/gnu/arm/5.4.1/bin/../lib/gcc/arm-none-eabi/5.4.1/armv7-m/crti.o
                0x00003954                _fini
 .fini          0x00003958        0x8 c:/program files (x86)/cypress/psoc creator/4.2/psoc creator/import/gnu/arm/5.4.1/bin/../lib/gcc/arm-none-eabi/5.4.1/armv7-m/crtn.o
                0x00003960                . = ALIGN (0x4)
                0x00003960                __fini_array_start = .
 *(.fini_array)
 .fini_array    0x00003960        0x4 c:/program files (x86)/cypress/psoc creator/4.2/psoc creator/import/gnu/arm/5.4.1/bin/../lib/gcc/arm-none-eabi/5.4.1/armv7-m/crtbegin.o
 *(SORT(.fini_array.*))
                0x00003964                __fini_array_end = .
                0x00003964                . = ALIGN (0x4)
 *crtbegin.o(.ctors)
 *(EXCLUDE_FILE(*crtend.o) .ctors)
 *(SORT(.ctors.*))
 *crtend.o(.ctors)
                0x00003964                . = ALIGN (0x4)
 *crtbegin.o(.dtors)
 *(EXCLUDE_FILE(*crtend.o) .dtors)
 *(SORT(.dtors.*))
 *crtend.o(.dtors)
                0x00003964                . = ALIGN (0x4)
                0x00003964                __cy_regions = .
                0x00003964        0x4 LONG 0x3978 __cy_region_init_ram
                0x00003968        0x4 LONG 0x1fff80c8 __cy_region_start_data
                0x0000396c        0x4 LONG 0xd8 __cy_region_init_size_ram
                0x00003970        0x4 LONG 0x98 __cy_region_zero_size_ram
                0x00003974                __cy_regions_end = .
                0x00003978                . = ALIGN (0x8)
 *fill*         0x00003974        0x4 
                0x00003978                _etext = .

.cy_checksum_exclude
                0x00003978        0x0
 *(.cy_checksum_exclude)

.ramvectors     0x1fff8000       0xc0
                0x1fff8000                __cy_region_start_ram = .
 *(.ramvectors)
 .ramvectors    0x1fff8000       0xc0 .\CortexM3\ARM_GCC_541\Debug\Cm3Start.o
                0x1fff8000                CyRamVectors

.noinit         0x1fff80c0        0x1
 *(.noinit)
 .noinit        0x1fff80c0        0x1 .\CortexM3\ARM_GCC_541\Debug\spi_slave.a(CyLib.o)
                0x1fff80c0                CyResetStatus

.data           0x1fff80c8       0xd8 load address 0x00003978
                0x1fff80c8                __cy_region_start_data = .
 *(.jcr)
 .jcr           0x1fff80c8        0x0 c:/program files (x86)/cypress/psoc creator/4.2/psoc creator/import/gnu/arm/5.4.1/bin/../lib/gcc/arm-none-eabi/5.4.1/armv7-m/crtbegin.o
 .jcr           0x1fff80c8        0x4 c:/program files (x86)/cypress/psoc creator/4.2/psoc creator/import/gnu/arm/5.4.1/bin/../lib/gcc/arm-none-eabi/5.4.1/armv7-m/crtend.o
 *(.got.plt)
 *(.got)
 *(.shdata)
 *(.data .data.* .gnu.linkonce.d.*)
 *fill*         0x1fff80cc        0x4 
 .data          0x1fff80d0       0x20 .\CortexM3\ARM_GCC_541\Debug\main.o
                0x1fff80d0                txBuffer
                0x1fff80d4                STATE
                0x1fff80d8                wheelCirc
                0x1fff80e0                rxBuffer
                0x1fff80e8                wheelRadius
 .data          0x1fff80f0        0x4 .\CortexM3\ARM_GCC_541\Debug\Cm3Start.o
 .data          0x1fff80f4       0x10 .\CortexM3\ARM_GCC_541\Debug\spi_slave.a(CyLib.o)
                0x1fff80f4                cydelay_32k_ms
                0x1fff80f8                cydelay_freq_khz
                0x1fff80fc                cydelay_freq_mhz
                0x1fff8100                cydelay_freq_hz
 .data.impure_data
                0x1fff8104       0x60 c:/program files (x86)/cypress/psoc creator/4.2/psoc creator/import/gnu/arm/5.4.1/bin/../lib/gcc/arm-none-eabi/5.4.1/../../../../arm-none-eabi/lib/armv7-m\libg_nano.a(lib_a-impure.o)
 .data._impure_ptr
                0x1fff8164        0x4 c:/program files (x86)/cypress/psoc creator/4.2/psoc creator/import/gnu/arm/5.4.1/bin/../lib/gcc/arm-none-eabi/5.4.1/../../../../arm-none-eabi/lib/armv7-m\libg_nano.a(lib_a-impure.o)
                0x1fff8164                _impure_ptr
 .data.lconv    0x1fff8168       0x38 c:/program files (x86)/cypress/psoc creator/4.2/psoc creator/import/gnu/arm/5.4.1/bin/../lib/gcc/arm-none-eabi/5.4.1/../../../../arm-none-eabi/lib/armv7-m\libg_nano.a(lib_a-locale.o)
                0x1fff81a0                . = ALIGN (0x8)
 *(.ram)
                0x1fff81a0                _edata = .

.igot.plt       0x1fff81a0        0x0 load address 0x00003a50
 .igot.plt      0x1fff81a0        0x0 c:/program files (x86)/cypress/psoc creator/4.2/psoc creator/import/gnu/arm/5.4.1/bin/../lib/gcc/arm-none-eabi/5.4.1/armv7-m/crtbegin.o

.bss            0x1fff81a0       0x98 load address 0x00003a50
                0x1fff81a0                PROVIDE (__bss_start__, .)
 *(.shbss)
 *(.bss .bss.* .gnu.linkonce.b.*)
 .bss           0x1fff81a0       0x1c c:/program files (x86)/cypress/psoc creator/4.2/psoc creator/import/gnu/arm/5.4.1/bin/../lib/gcc/arm-none-eabi/5.4.1/armv7-m/crtbegin.o
 *fill*         0x1fff81bc        0x4 
 .bss           0x1fff81c0       0x11 .\CortexM3\ARM_GCC_541\Debug\main.o
                0x1fff81c0                dist
                0x1fff81c4                wheel_revolutions
                0x1fff81c8                time_temp
                0x1fff81d0                speed
 .bss           0x1fff81d1        0x1 .\CortexM3\ARM_GCC_541\Debug\spi_slave.a(SPI_slave.o)
                0x1fff81d1                SPI_slave_initVar
 .bss           0x1fff81d2        0x2 .\CortexM3\ARM_GCC_541\Debug\spi_slave.a(UART_1.o)
                0x1fff81d2                UART_1_initVar
 .bss           0x1fff81d4        0x1 .\CortexM3\ARM_GCC_541\Debug\spi_slave.a(WheelTickTimer.o)
                0x1fff81d4                WheelTickTimer_initVar
 .bss           0x1fff81d5        0x1 .\CortexM3\ARM_GCC_541\Debug\spi_slave.a(MotorLockTimer.o)
                0x1fff81d5                MotorLockTimer_initVar
 .bss           0x1fff81d6        0x1 .\CortexM3\ARM_GCC_541\Debug\spi_slave.a(AccelerometerTimer.o)
                0x1fff81d6                AccelerometerTimer_initVar
 *fill*         0x1fff81d7        0x1 
 .bss           0x1fff81d8        0xc .\CortexM3\ARM_GCC_541\Debug\spi_slave.a(AccelerometerTimer_PM.o)
 .bss.__malloc_sbrk_start
                0x1fff81e4        0x4 c:/program files (x86)/cypress/psoc creator/4.2/psoc creator/import/gnu/arm/5.4.1/bin/../lib/gcc/arm-none-eabi/5.4.1/../../../../arm-none-eabi/lib/armv7-m\libg_nano.a(lib_a-nano-mallocr.o)
                0x1fff81e4                __malloc_sbrk_start
 .bss.__malloc_free_list
                0x1fff81e8        0x4 c:/program files (x86)/cypress/psoc creator/4.2/psoc creator/import/gnu/arm/5.4.1/bin/../lib/gcc/arm-none-eabi/5.4.1/../../../../arm-none-eabi/lib/armv7-m\libg_nano.a(lib_a-nano-mallocr.o)
                0x1fff81e8                __malloc_free_list
 *(COMMON)
 COMMON         0x1fff81ec       0x28 .\CortexM3\ARM_GCC_541\Debug\main.o
                0x1fff81ec                UART_buffer
                0x1fff81fc                txCloneBuffer
 COMMON         0x1fff8214       0x20 .\CortexM3\ARM_GCC_541\Debug\spi_slave.a(SPI_slave.o)
                0x1fff8214                SPI_slave_txBufferWrite
                0x1fff8218                SPI_slave_txBuffer
                0x1fff8230                SPI_slave_txBufferRead
                0x1fff8231                SPI_slave_txBufferFull
                0x1fff8232                SPI_slave_swStatusRx
                0x1fff8233                SPI_slave_swStatusTx
 COMMON         0x1fff8234        0x4 c:/program files (x86)/cypress/psoc creator/4.2/psoc creator/import/gnu/arm/5.4.1/bin/../lib/gcc/arm-none-eabi/5.4.1/../../../../arm-none-eabi/lib/armv7-m\libg_nano.a(lib_a-reent.o)
                0x1fff8234                errno
                0x1fff8238                . = ALIGN (0x8)
 *(.ram.b)
                0x1fff8238                _end = .
                0x1fff8238                __end = .
                0x1fff8238                PROVIDE (end, .)
                0x1fff8238                PROVIDE (__bss_end__, .)
                0x00003978                __cy_region_init_ram = LOADADDR (.data)
                0x000000d8                __cy_region_init_size_ram = (_edata - ADDR (.data))
                0x00000098                __cy_region_zero_size_ram = (_end - _edata)

.heap           0x1fff8238      0x200 load address 0x00003a50
                0x1fff8238                . = _end
                0x1fff8438                . = (. + 0x200)
 *fill*         0x1fff8238      0x200 
                0x1fff8438                __cy_heap_limit = .

.stack          0x20007800      0x800
                0x20007800                __cy_stack_limit = .
                0x20008000                . = (. + 0x800)
 *fill*         0x20007800      0x800 
                0x00000001                ASSERT ((__cy_stack_limit >= __cy_heap_limit), region RAM overflowed with stack)
                0x00000000                cy_checksum_exclude_size = (CY_APPL_LOADABLE == 0x1)?SIZEOF (.cy_checksum_exclude):0x0
                0x00000001                ASSERT ((cy_checksum_exclude_size <= CY_CHECKSUM_EXCLUDE_SIZE), CY_BOOT: Section .cy_checksum_exclude size exceedes specified limit.)

.cyloadermeta
 *(.cyloadermeta)

.cyloadablemeta
 *(.cyloadablemeta)

.cyconfigecc    0x80000000      0x8f8
 *(.cyconfigecc)
 .cyconfigecc   0x80000000      0x8f8 .\CortexM3\ARM_GCC_541\Debug\cymetadata.o
                0x80000000                cy_meta_configecc

.cycustnvl      0x90000000        0x4
 *(.cycustnvl)
 .cycustnvl     0x90000000        0x4 .\CortexM3\ARM_GCC_541\Debug\cymetadata.o
                0x90000000                cy_meta_custnvl

.cywolatch      0x90100000        0x4
 *(.cywolatch)
 .cywolatch     0x90100000        0x4 .\CortexM3\ARM_GCC_541\Debug\cymetadata.o
                0x90100000                cy_meta_wonvl

.cyeeprom       0x90200000        0x0
 *(.cyeeprom)
                0x00000001                ASSERT ((. <= ((0x90200000 + ee_offset) + ee_size)), .cyeeprom data will not fit in EEPROM)

.cyflashprotect
                0x90400000      0x100
 *(.cyflashprotect)
 .cyflashprotect
                0x90400000      0x100 .\CortexM3\ARM_GCC_541\Debug\cymetadata.o
                0x90400000                cy_meta_flashprotect

.cymeta         0x90500000        0xc
 *(.cymeta)
 .cymeta        0x90500000        0xc .\CortexM3\ARM_GCC_541\Debug\cymetadata.o
                0x90500000                cy_metadata

.rel.dyn        0x00003a50        0x0 load address 0x9050000c
 .rel.iplt      0x00003a50        0x0 c:/program files (x86)/cypress/psoc creator/4.2/psoc creator/import/gnu/arm/5.4.1/bin/../lib/gcc/arm-none-eabi/5.4.1/armv7-m/crtbegin.o

.stab
 *(.stab)

.stabstr
 *(.stabstr)

.debug
 *(.debug)

.line
 *(.line)

.debug_srcinfo
 *(.debug_srcinfo)

.debug_sfnames
 *(.debug_sfnames)

.debug_aranges  0x00000000     0x1110
 *(.debug_aranges)
 .debug_aranges
                0x00000000       0x70 .\CortexM3\ARM_GCC_541\Debug\main.o
 .debug_aranges
                0x00000070       0x40 .\CortexM3\ARM_GCC_541\Debug\SPI.o
 .debug_aranges
                0x000000b0       0x38 .\CortexM3\ARM_GCC_541\Debug\lockUnit.o
 .debug_aranges
                0x000000e8       0x50 .\CortexM3\ARM_GCC_541\Debug\wheelSensor.o
 .debug_aranges
                0x00000138       0x20 .\CortexM3\ARM_GCC_541\Debug\UART.o
 .debug_aranges
                0x00000158       0x38 .\CortexM3\ARM_GCC_541\Debug\Accelerometer.o
 .debug_aranges
                0x00000190       0x18 .\CortexM3\ARM_GCC_541\Debug\EDBikeProtocol.o
 .debug_aranges
                0x000001a8       0x30 .\CortexM3\ARM_GCC_541\Debug\SPIprotocol.o
 .debug_aranges
                0x000001d8       0x58 .\CortexM3\ARM_GCC_541\Debug\cyfitter_cfg.o
 .debug_aranges
                0x00000230       0x18 .\CortexM3\ARM_GCC_541\Debug\cymetadata.o
 .debug_aranges
                0x00000248       0x48 .\CortexM3\ARM_GCC_541\Debug\Cm3Start.o
 .debug_aranges
                0x00000290      0x2a0 .\CortexM3\ARM_GCC_541\Debug\spi_slave.a(CyLib.o)
 .debug_aranges
                0x00000530       0x98 .\CortexM3\ARM_GCC_541\Debug\spi_slave.a(cyPm.o)
 .debug_aranges
                0x000005c8       0xd8 .\CortexM3\ARM_GCC_541\Debug\spi_slave.a(SPI_slave.o)
 .debug_aranges
                0x000006a0       0x28 .\CortexM3\ARM_GCC_541\Debug\spi_slave.a(SPI_slave_INT.o)
 .debug_aranges
                0x000006c8       0x80 .\CortexM3\ARM_GCC_541\Debug\spi_slave.a(slave_rx_interrupt.o)
 .debug_aranges
                0x00000748       0x38 .\CortexM3\ARM_GCC_541\Debug\spi_slave.a(LED_pin.o)
 .debug_aranges
                0x00000780       0x80 .\CortexM3\ARM_GCC_541\Debug\spi_slave.a(UART_rx_interrupt.o)
 .debug_aranges
                0x00000800       0xf0 .\CortexM3\ARM_GCC_541\Debug\spi_slave.a(UART_1.o)
 .debug_aranges
                0x000008f0       0x70 .\CortexM3\ARM_GCC_541\Debug\spi_slave.a(UART_1_IntClock.o)
 .debug_aranges
                0x00000960       0x80 .\CortexM3\ARM_GCC_541\Debug\spi_slave.a(isr_wheel_tick.o)
 .debug_aranges
                0x000009e0       0x80 .\CortexM3\ARM_GCC_541\Debug\spi_slave.a(Timer_Isr_BikeIsStopping.o)
 .debug_aranges
                0x00000a60       0x80 .\CortexM3\ARM_GCC_541\Debug\spi_slave.a(isr_bike_stopped.o)
 .debug_aranges
                0x00000ae0       0x80 .\CortexM3\ARM_GCC_541\Debug\spi_slave.a(isr_bike_is_idle.o)
 .debug_aranges
                0x00000b60       0x80 .\CortexM3\ARM_GCC_541\Debug\spi_slave.a(isr_bike_is_moving.o)
 .debug_aranges
                0x00000be0       0x48 .\CortexM3\ARM_GCC_541\Debug\spi_slave.a(Pin_1_ac_idle.o)
 .debug_aranges
                0x00000c28       0x48 .\CortexM3\ARM_GCC_541\Debug\spi_slave.a(Pin_2_ac_moving.o)
 .debug_aranges
                0x00000c70       0x38 .\CortexM3\ARM_GCC_541\Debug\spi_slave.a(In_1.o)
 .debug_aranges
                0x00000ca8       0x38 .\CortexM3\ARM_GCC_541\Debug\spi_slave.a(In_2.o)
 .debug_aranges
                0x00000ce0       0x38 .\CortexM3\ARM_GCC_541\Debug\spi_slave.a(EA.o)
 .debug_aranges
                0x00000d18       0x80 .\CortexM3\ARM_GCC_541\Debug\spi_slave.a(isr_bikelock.o)
 .debug_aranges
                0x00000d98       0x90 .\CortexM3\ARM_GCC_541\Debug\spi_slave.a(WheelTickTimer.o)
 .debug_aranges
                0x00000e28       0x90 .\CortexM3\ARM_GCC_541\Debug\spi_slave.a(MotorLockTimer.o)
 .debug_aranges
                0x00000eb8       0x90 .\CortexM3\ARM_GCC_541\Debug\spi_slave.a(AccelerometerTimer.o)
 .debug_aranges
                0x00000f48       0x38 .\CortexM3\ARM_GCC_541\Debug\spi_slave.a(AccelerometerTimer_PM.o)
 .debug_aranges
                0x00000f80       0x48 .\CortexM3\ARM_GCC_541\Debug\spi_slave.a(WheelTickPin.o)
 .debug_aranges
                0x00000fc8       0x20 .\CortexM3\ARM_GCC_541\Debug\spi_slave.a(CyBootAsmGnu.o)
 .debug_aranges
                0x00000fe8       0x88 .\CortexM3\ARM_GCC_541\Debug\spi_slave.a(CyFlash.o)
 .debug_aranges
                0x00001070       0x80 .\CortexM3\ARM_GCC_541\Debug\spi_slave.a(CySpc.o)
 .debug_aranges
                0x000010f0       0x20 .\CortexM3\ARM_GCC_541\Debug\spi_slave.a(cyutils.o)

.debug_pubnames
 *(.debug_pubnames)

.debug_info     0x00000000     0x8754
 *(.debug_info .gnu.linkonce.wi.*)
 .debug_info    0x00000000      0xb30 .\CortexM3\ARM_GCC_541\Debug\main.o
 .debug_info    0x00000b30      0x2ad .\CortexM3\ARM_GCC_541\Debug\SPI.o
 .debug_info    0x00000ddd      0x1de .\CortexM3\ARM_GCC_541\Debug\lockUnit.o
 .debug_info    0x00000fbb      0x288 .\CortexM3\ARM_GCC_541\Debug\wheelSensor.o
 .debug_info    0x00001243      0x112 .\CortexM3\ARM_GCC_541\Debug\UART.o
 .debug_info    0x00001355      0x190 .\CortexM3\ARM_GCC_541\Debug\Accelerometer.o
 .debug_info    0x000014e5       0xae .\CortexM3\ARM_GCC_541\Debug\EDBikeProtocol.o
 .debug_info    0x00001593      0x241 .\CortexM3\ARM_GCC_541\Debug\SPIprotocol.o
 .debug_info    0x000017d4      0x5de .\CortexM3\ARM_GCC_541\Debug\cyfitter_cfg.o
 .debug_info    0x00001db2      0x139 .\CortexM3\ARM_GCC_541\Debug\cymetadata.o
 .debug_info    0x00001eeb      0x3bb .\CortexM3\ARM_GCC_541\Debug\Cm3Start.o
 .debug_info    0x000022a6     0x1374 .\CortexM3\ARM_GCC_541\Debug\spi_slave.a(CyLib.o)
 .debug_info    0x0000361a      0xa2a .\CortexM3\ARM_GCC_541\Debug\spi_slave.a(cyPm.o)
 .debug_info    0x00004044      0x5ca .\CortexM3\ARM_GCC_541\Debug\spi_slave.a(SPI_slave.o)
 .debug_info    0x0000460e      0x12e .\CortexM3\ARM_GCC_541\Debug\spi_slave.a(SPI_slave_INT.o)
 .debug_info    0x0000473c      0x2d2 .\CortexM3\ARM_GCC_541\Debug\spi_slave.a(slave_rx_interrupt.o)
 .debug_info    0x00004a0e      0x11f .\CortexM3\ARM_GCC_541\Debug\spi_slave.a(LED_pin.o)
 .debug_info    0x00004b2d      0x2d2 .\CortexM3\ARM_GCC_541\Debug\spi_slave.a(UART_rx_interrupt.o)
 .debug_info    0x00004dff      0x60c .\CortexM3\ARM_GCC_541\Debug\spi_slave.a(UART_1.o)
 .debug_info    0x0000540b      0x283 .\CortexM3\ARM_GCC_541\Debug\spi_slave.a(UART_1_IntClock.o)
 .debug_info    0x0000568e      0x2d2 .\CortexM3\ARM_GCC_541\Debug\spi_slave.a(isr_wheel_tick.o)
 .debug_info    0x00005960      0x2d2 .\CortexM3\ARM_GCC_541\Debug\spi_slave.a(Timer_Isr_BikeIsStopping.o)
 .debug_info    0x00005c32      0x2d2 .\CortexM3\ARM_GCC_541\Debug\spi_slave.a(isr_bike_stopped.o)
 .debug_info    0x00005f04      0x2d2 .\CortexM3\ARM_GCC_541\Debug\spi_slave.a(isr_bike_is_idle.o)
 .debug_info    0x000061d6      0x2d2 .\CortexM3\ARM_GCC_541\Debug\spi_slave.a(isr_bike_is_moving.o)
 .debug_info    0x000064a8      0x174 .\CortexM3\ARM_GCC_541\Debug\spi_slave.a(Pin_1_ac_idle.o)
 .debug_info    0x0000661c      0x172 .\CortexM3\ARM_GCC_541\Debug\spi_slave.a(Pin_2_ac_moving.o)
 .debug_info    0x0000678e      0x11f .\CortexM3\ARM_GCC_541\Debug\spi_slave.a(In_1.o)
 .debug_info    0x000068ad      0x11f .\CortexM3\ARM_GCC_541\Debug\spi_slave.a(In_2.o)
 .debug_info    0x000069cc      0x11f .\CortexM3\ARM_GCC_541\Debug\spi_slave.a(EA.o)
 .debug_info    0x00006aeb      0x2d2 .\CortexM3\ARM_GCC_541\Debug\spi_slave.a(isr_bikelock.o)
 .debug_info    0x00006dbd      0x2f0 .\CortexM3\ARM_GCC_541\Debug\spi_slave.a(WheelTickTimer.o)
 .debug_info    0x000070ad      0x2f0 .\CortexM3\ARM_GCC_541\Debug\spi_slave.a(MotorLockTimer.o)
 .debug_info    0x0000739d      0x332 .\CortexM3\ARM_GCC_541\Debug\spi_slave.a(AccelerometerTimer.o)
 .debug_info    0x000076cf      0x1ef .\CortexM3\ARM_GCC_541\Debug\spi_slave.a(AccelerometerTimer_PM.o)
 .debug_info    0x000078be      0x174 .\CortexM3\ARM_GCC_541\Debug\spi_slave.a(WheelTickPin.o)
 .debug_info    0x00007a32       0x97 .\CortexM3\ARM_GCC_541\Debug\spi_slave.a(CyBootAsmGnu.o)
 .debug_info    0x00007ac9      0x64d .\CortexM3\ARM_GCC_541\Debug\spi_slave.a(CyFlash.o)
 .debug_info    0x00008116      0x550 .\CortexM3\ARM_GCC_541\Debug\spi_slave.a(CySpc.o)
 .debug_info    0x00008666       0xee .\CortexM3\ARM_GCC_541\Debug\spi_slave.a(cyutils.o)

.debug_abbrev   0x00000000     0x2be2
 *(.debug_abbrev)
 .debug_abbrev  0x00000000      0x187 .\CortexM3\ARM_GCC_541\Debug\main.o
 .debug_abbrev  0x00000187      0x132 .\CortexM3\ARM_GCC_541\Debug\SPI.o
 .debug_abbrev  0x000002b9       0xa7 .\CortexM3\ARM_GCC_541\Debug\lockUnit.o
 .debug_abbrev  0x00000360      0x122 .\CortexM3\ARM_GCC_541\Debug\wheelSensor.o
 .debug_abbrev  0x00000482       0x9a .\CortexM3\ARM_GCC_541\Debug\UART.o
 .debug_abbrev  0x0000051c       0x9a .\CortexM3\ARM_GCC_541\Debug\Accelerometer.o
 .debug_abbrev  0x000005b6       0x4b .\CortexM3\ARM_GCC_541\Debug\EDBikeProtocol.o
 .debug_abbrev  0x00000601       0xf4 .\CortexM3\ARM_GCC_541\Debug\SPIprotocol.o
 .debug_abbrev  0x000006f5      0x20d .\CortexM3\ARM_GCC_541\Debug\cyfitter_cfg.o
 .debug_abbrev  0x00000902       0x77 .\CortexM3\ARM_GCC_541\Debug\cymetadata.o
 .debug_abbrev  0x00000979      0x1e8 .\CortexM3\ARM_GCC_541\Debug\Cm3Start.o
 .debug_abbrev  0x00000b61      0x254 .\CortexM3\ARM_GCC_541\Debug\spi_slave.a(CyLib.o)
 .debug_abbrev  0x00000db5      0x1ab .\CortexM3\ARM_GCC_541\Debug\spi_slave.a(cyPm.o)
 .debug_abbrev  0x00000f60      0x171 .\CortexM3\ARM_GCC_541\Debug\spi_slave.a(SPI_slave.o)
 .debug_abbrev  0x000010d1       0xa2 .\CortexM3\ARM_GCC_541\Debug\spi_slave.a(SPI_slave_INT.o)
 .debug_abbrev  0x00001173      0x173 .\CortexM3\ARM_GCC_541\Debug\spi_slave.a(slave_rx_interrupt.o)
 .debug_abbrev  0x000012e6       0x90 .\CortexM3\ARM_GCC_541\Debug\spi_slave.a(LED_pin.o)
 .debug_abbrev  0x00001376      0x173 .\CortexM3\ARM_GCC_541\Debug\spi_slave.a(UART_rx_interrupt.o)
 .debug_abbrev  0x000014e9      0x175 .\CortexM3\ARM_GCC_541\Debug\spi_slave.a(UART_1.o)
 .debug_abbrev  0x0000165e      0x139 .\CortexM3\ARM_GCC_541\Debug\spi_slave.a(UART_1_IntClock.o)
 .debug_abbrev  0x00001797      0x173 .\CortexM3\ARM_GCC_541\Debug\spi_slave.a(isr_wheel_tick.o)
 .debug_abbrev  0x0000190a      0x173 .\CortexM3\ARM_GCC_541\Debug\spi_slave.a(Timer_Isr_BikeIsStopping.o)
 .debug_abbrev  0x00001a7d      0x173 .\CortexM3\ARM_GCC_541\Debug\spi_slave.a(isr_bike_stopped.o)
 .debug_abbrev  0x00001bf0      0x173 .\CortexM3\ARM_GCC_541\Debug\spi_slave.a(isr_bike_is_idle.o)
 .debug_abbrev  0x00001d63      0x173 .\CortexM3\ARM_GCC_541\Debug\spi_slave.a(isr_bike_is_moving.o)
 .debug_abbrev  0x00001ed6       0x90 .\CortexM3\ARM_GCC_541\Debug\spi_slave.a(Pin_1_ac_idle.o)
 .debug_abbrev  0x00001f66       0x9f .\CortexM3\ARM_GCC_541\Debug\spi_slave.a(Pin_2_ac_moving.o)
 .debug_abbrev  0x00002005       0x90 .\CortexM3\ARM_GCC_541\Debug\spi_slave.a(In_1.o)
 .debug_abbrev  0x00002095       0x90 .\CortexM3\ARM_GCC_541\Debug\spi_slave.a(In_2.o)
 .debug_abbrev  0x00002125       0x90 .\CortexM3\ARM_GCC_541\Debug\spi_slave.a(EA.o)
 .debug_abbrev  0x000021b5      0x173 .\CortexM3\ARM_GCC_541\Debug\spi_slave.a(isr_bikelock.o)
 .debug_abbrev  0x00002328      0x12b .\CortexM3\ARM_GCC_541\Debug\spi_slave.a(WheelTickTimer.o)
 .debug_abbrev  0x00002453      0x12b .\CortexM3\ARM_GCC_541\Debug\spi_slave.a(MotorLockTimer.o)
 .debug_abbrev  0x0000257e      0x14b .\CortexM3\ARM_GCC_541\Debug\spi_slave.a(AccelerometerTimer.o)
 .debug_abbrev  0x000026c9       0xac .\CortexM3\ARM_GCC_541\Debug\spi_slave.a(AccelerometerTimer_PM.o)
 .debug_abbrev  0x00002775       0x90 .\CortexM3\ARM_GCC_541\Debug\spi_slave.a(WheelTickPin.o)
 .debug_abbrev  0x00002805       0x14 .\CortexM3\ARM_GCC_541\Debug\spi_slave.a(CyBootAsmGnu.o)
 .debug_abbrev  0x00002819      0x1a7 .\CortexM3\ARM_GCC_541\Debug\spi_slave.a(CyFlash.o)
 .debug_abbrev  0x000029c0      0x194 .\CortexM3\ARM_GCC_541\Debug\spi_slave.a(CySpc.o)
 .debug_abbrev  0x00002b54       0x8e .\CortexM3\ARM_GCC_541\Debug\spi_slave.a(cyutils.o)

.debug_line     0x00000000     0x41fe
 *(.debug_line)
 .debug_line    0x00000000      0x401 .\CortexM3\ARM_GCC_541\Debug\main.o
 .debug_line    0x00000401      0x26e .\CortexM3\ARM_GCC_541\Debug\SPI.o
 .debug_line    0x0000066f      0x1d5 .\CortexM3\ARM_GCC_541\Debug\lockUnit.o
 .debug_line    0x00000844      0x21a .\CortexM3\ARM_GCC_541\Debug\wheelSensor.o
 .debug_line    0x00000a5e      0x17e .\CortexM3\ARM_GCC_541\Debug\UART.o
 .debug_line    0x00000bdc      0x1f0 .\CortexM3\ARM_GCC_541\Debug\Accelerometer.o
 .debug_line    0x00000dcc      0x13f .\CortexM3\ARM_GCC_541\Debug\EDBikeProtocol.o
 .debug_line    0x00000f0b      0x1de .\CortexM3\ARM_GCC_541\Debug\SPIprotocol.o
 .debug_line    0x000010e9      0x1fd .\CortexM3\ARM_GCC_541\Debug\cyfitter_cfg.o
 .debug_line    0x000012e6      0x141 .\CortexM3\ARM_GCC_541\Debug\cymetadata.o
 .debug_line    0x00001427      0x234 .\CortexM3\ARM_GCC_541\Debug\Cm3Start.o
 .debug_line    0x0000165b      0x816 .\CortexM3\ARM_GCC_541\Debug\spi_slave.a(CyLib.o)
 .debug_line    0x00001e71      0x367 .\CortexM3\ARM_GCC_541\Debug\spi_slave.a(cyPm.o)
 .debug_line    0x000021d8      0x270 .\CortexM3\ARM_GCC_541\Debug\spi_slave.a(SPI_slave.o)
 .debug_line    0x00002448       0x99 .\CortexM3\ARM_GCC_541\Debug\spi_slave.a(SPI_slave_INT.o)
 .debug_line    0x000024e1      0x13f .\CortexM3\ARM_GCC_541\Debug\spi_slave.a(slave_rx_interrupt.o)
 .debug_line    0x00002620       0x94 .\CortexM3\ARM_GCC_541\Debug\spi_slave.a(LED_pin.o)
 .debug_line    0x000026b4      0x13e .\CortexM3\ARM_GCC_541\Debug\spi_slave.a(UART_rx_interrupt.o)
 .debug_line    0x000027f2      0x2c0 .\CortexM3\ARM_GCC_541\Debug\spi_slave.a(UART_1.o)
 .debug_line    0x00002ab2      0x17e .\CortexM3\ARM_GCC_541\Debug\spi_slave.a(UART_1_IntClock.o)
 .debug_line    0x00002c30      0x13b .\CortexM3\ARM_GCC_541\Debug\spi_slave.a(isr_wheel_tick.o)
 .debug_line    0x00002d6b      0x145 .\CortexM3\ARM_GCC_541\Debug\spi_slave.a(Timer_Isr_BikeIsStopping.o)
 .debug_line    0x00002eb0      0x13d .\CortexM3\ARM_GCC_541\Debug\spi_slave.a(isr_bike_stopped.o)
 .debug_line    0x00002fed      0x13d .\CortexM3\ARM_GCC_541\Debug\spi_slave.a(isr_bike_is_idle.o)
 .debug_line    0x0000312a      0x13f .\CortexM3\ARM_GCC_541\Debug\spi_slave.a(isr_bike_is_moving.o)
 .debug_line    0x00003269       0xbe .\CortexM3\ARM_GCC_541\Debug\spi_slave.a(Pin_1_ac_idle.o)
 .debug_line    0x00003327       0xc0 .\CortexM3\ARM_GCC_541\Debug\spi_slave.a(Pin_2_ac_moving.o)
 .debug_line    0x000033e7       0x91 .\CortexM3\ARM_GCC_541\Debug\spi_slave.a(In_1.o)
 .debug_line    0x00003478       0x91 .\CortexM3\ARM_GCC_541\Debug\spi_slave.a(In_2.o)
 .debug_line    0x00003509       0x8f .\CortexM3\ARM_GCC_541\Debug\spi_slave.a(EA.o)
 .debug_line    0x00003598      0x139 .\CortexM3\ARM_GCC_541\Debug\spi_slave.a(isr_bikelock.o)
 .debug_line    0x000036d1      0x179 .\CortexM3\ARM_GCC_541\Debug\spi_slave.a(WheelTickTimer.o)
 .debug_line    0x0000384a      0x179 .\CortexM3\ARM_GCC_541\Debug\spi_slave.a(MotorLockTimer.o)
 .debug_line    0x000039c3      0x17d .\CortexM3\ARM_GCC_541\Debug\spi_slave.a(AccelerometerTimer.o)
 .debug_line    0x00003b40       0xc1 .\CortexM3\ARM_GCC_541\Debug\spi_slave.a(AccelerometerTimer_PM.o)
 .debug_line    0x00003c01       0xbd .\CortexM3\ARM_GCC_541\Debug\spi_slave.a(WheelTickPin.o)
 .debug_line    0x00003cbe       0x66 .\CortexM3\ARM_GCC_541\Debug\spi_slave.a(CyBootAsmGnu.o)
 .debug_line    0x00003d24      0x21a .\CortexM3\ARM_GCC_541\Debug\spi_slave.a(CyFlash.o)
 .debug_line    0x00003f3e      0x260 .\CortexM3\ARM_GCC_541\Debug\spi_slave.a(CySpc.o)
 .debug_line    0x0000419e       0x60 .\CortexM3\ARM_GCC_541\Debug\spi_slave.a(cyutils.o)

.debug_frame    0x00000000     0x2d18
 *(.debug_frame)
 .debug_frame   0x00000000      0x14c .\CortexM3\ARM_GCC_541\Debug\main.o
 .debug_frame   0x0000014c       0x94 .\CortexM3\ARM_GCC_541\Debug\SPI.o
 .debug_frame   0x000001e0       0x80 .\CortexM3\ARM_GCC_541\Debug\lockUnit.o
 .debug_frame   0x00000260       0xd0 .\CortexM3\ARM_GCC_541\Debug\wheelSensor.o
 .debug_frame   0x00000330       0x2c .\CortexM3\ARM_GCC_541\Debug\UART.o
 .debug_frame   0x0000035c       0x80 .\CortexM3\ARM_GCC_541\Debug\Accelerometer.o
 .debug_frame   0x000003dc       0x70 .\CortexM3\ARM_GCC_541\Debug\SPIprotocol.o
 .debug_frame   0x0000044c       0xe4 .\CortexM3\ARM_GCC_541\Debug\cyfitter_cfg.o
 .debug_frame   0x00000530       0xb8 .\CortexM3\ARM_GCC_541\Debug\Cm3Start.o
 .debug_frame   0x000005e8      0x738 .\CortexM3\ARM_GCC_541\Debug\spi_slave.a(CyLib.o)
 .debug_frame   0x00000d20      0x1f8 .\CortexM3\ARM_GCC_541\Debug\spi_slave.a(cyPm.o)
 .debug_frame   0x00000f18      0x218 .\CortexM3\ARM_GCC_541\Debug\spi_slave.a(SPI_slave.o)
 .debug_frame   0x00001130       0x30 .\CortexM3\ARM_GCC_541\Debug\spi_slave.a(SPI_slave_INT.o)
 .debug_frame   0x00001160      0x104 .\CortexM3\ARM_GCC_541\Debug\spi_slave.a(slave_rx_interrupt.o)
 .debug_frame   0x00001264       0x50 .\CortexM3\ARM_GCC_541\Debug\spi_slave.a(LED_pin.o)
 .debug_frame   0x000012b4      0x104 .\CortexM3\ARM_GCC_541\Debug\spi_slave.a(UART_rx_interrupt.o)
 .debug_frame   0x000013b8      0x250 .\CortexM3\ARM_GCC_541\Debug\spi_slave.a(UART_1.o)
 .debug_frame   0x00001608       0xe0 .\CortexM3\ARM_GCC_541\Debug\spi_slave.a(UART_1_IntClock.o)
 .debug_frame   0x000016e8      0x104 .\CortexM3\ARM_GCC_541\Debug\spi_slave.a(isr_wheel_tick.o)
 .debug_frame   0x000017ec      0x104 .\CortexM3\ARM_GCC_541\Debug\spi_slave.a(Timer_Isr_BikeIsStopping.o)
 .debug_frame   0x000018f0      0x104 .\CortexM3\ARM_GCC_541\Debug\spi_slave.a(isr_bike_stopped.o)
 .debug_frame   0x000019f4      0x104 .\CortexM3\ARM_GCC_541\Debug\spi_slave.a(isr_bike_is_idle.o)
 .debug_frame   0x00001af8      0x104 .\CortexM3\ARM_GCC_541\Debug\spi_slave.a(isr_bike_is_moving.o)
 .debug_frame   0x00001bfc       0x70 .\CortexM3\ARM_GCC_541\Debug\spi_slave.a(Pin_1_ac_idle.o)
 .debug_frame   0x00001c6c       0x70 .\CortexM3\ARM_GCC_541\Debug\spi_slave.a(Pin_2_ac_moving.o)
 .debug_frame   0x00001cdc       0x50 .\CortexM3\ARM_GCC_541\Debug\spi_slave.a(In_1.o)
 .debug_frame   0x00001d2c       0x50 .\CortexM3\ARM_GCC_541\Debug\spi_slave.a(In_2.o)
 .debug_frame   0x00001d7c       0x50 .\CortexM3\ARM_GCC_541\Debug\spi_slave.a(EA.o)
 .debug_frame   0x00001dcc      0x104 .\CortexM3\ARM_GCC_541\Debug\spi_slave.a(isr_bikelock.o)
 .debug_frame   0x00001ed0      0x124 .\CortexM3\ARM_GCC_541\Debug\spi_slave.a(WheelTickTimer.o)
 .debug_frame   0x00001ff4      0x124 .\CortexM3\ARM_GCC_541\Debug\spi_slave.a(MotorLockTimer.o)
 .debug_frame   0x00002118      0x13c .\CortexM3\ARM_GCC_541\Debug\spi_slave.a(AccelerometerTimer.o)
 .debug_frame   0x00002254       0x80 .\CortexM3\ARM_GCC_541\Debug\spi_slave.a(AccelerometerTimer_PM.o)
 .debug_frame   0x000022d4       0x70 .\CortexM3\ARM_GCC_541\Debug\spi_slave.a(WheelTickPin.o)
 .debug_frame   0x00002344      0x194 .\CortexM3\ARM_GCC_541\Debug\spi_slave.a(CyFlash.o)
 .debug_frame   0x000024d8      0x180 .\CortexM3\ARM_GCC_541\Debug\spi_slave.a(CySpc.o)
 .debug_frame   0x00002658       0x20 .\CortexM3\ARM_GCC_541\Debug\spi_slave.a(cyutils.o)
 .debug_frame   0x00002678       0x20 c:/program files (x86)/cypress/psoc creator/4.2/psoc creator/import/gnu/arm/5.4.1/bin/../lib/gcc/arm-none-eabi/5.4.1/../../../../arm-none-eabi/lib/armv7-m\libg_nano.a(lib_a-errno.o)
 .debug_frame   0x00002698       0x28 c:/program files (x86)/cypress/psoc creator/4.2/psoc creator/import/gnu/arm/5.4.1/bin/../lib/gcc/arm-none-eabi/5.4.1/../../../../arm-none-eabi/lib/armv7-m\libg_nano.a(lib_a-exit.o)
 .debug_frame   0x000026c0       0x2c c:/program files (x86)/cypress/psoc creator/4.2/psoc creator/import/gnu/arm/5.4.1/bin/../lib/gcc/arm-none-eabi/5.4.1/../../../../arm-none-eabi/lib/armv7-m\libg_nano.a(lib_a-init.o)
 .debug_frame   0x000026ec       0x28 c:/program files (x86)/cypress/psoc creator/4.2/psoc creator/import/gnu/arm/5.4.1/bin/../lib/gcc/arm-none-eabi/5.4.1/../../../../arm-none-eabi/lib/armv7-m\libg_nano.a(lib_a-memcpy-stub.o)
 .debug_frame   0x00002714       0x20 c:/program files (x86)/cypress/psoc creator/4.2/psoc creator/import/gnu/arm/5.4.1/bin/../lib/gcc/arm-none-eabi/5.4.1/../../../../arm-none-eabi/lib/armv7-m\libg_nano.a(lib_a-memset.o)
 .debug_frame   0x00002734       0x8c c:/program files (x86)/cypress/psoc creator/4.2/psoc creator/import/gnu/arm/5.4.1/bin/../lib/gcc/arm-none-eabi/5.4.1/../../../../arm-none-eabi/lib/armv7-m\libg_nano.a(lib_a-nano-vfprintf_float.o)
 .debug_frame   0x000027c0       0x60 c:/program files (x86)/cypress/psoc creator/4.2/psoc creator/import/gnu/arm/5.4.1/bin/../lib/gcc/arm-none-eabi/5.4.1/../../../../arm-none-eabi/lib/armv7-m\libg_nano.a(lib_a-nano-vfprintf_i.o)
 .debug_frame   0x00002820       0x6c c:/program files (x86)/cypress/psoc creator/4.2/psoc creator/import/gnu/arm/5.4.1/bin/../lib/gcc/arm-none-eabi/5.4.1/../../../../arm-none-eabi/lib/armv7-m\libg_nano.a(lib_a-dtoa.o)
 .debug_frame   0x0000288c       0x98 c:/program files (x86)/cypress/psoc creator/4.2/psoc creator/import/gnu/arm/5.4.1/bin/../lib/gcc/arm-none-eabi/5.4.1/../../../../arm-none-eabi/lib/armv7-m\libg_nano.a(lib_a-locale.o)
 .debug_frame   0x00002924       0x30 c:/program files (x86)/cypress/psoc creator/4.2/psoc creator/import/gnu/arm/5.4.1/bin/../lib/gcc/arm-none-eabi/5.4.1/../../../../arm-none-eabi/lib/armv7-m\libg_nano.a(lib_a-malloc.o)
 .debug_frame   0x00002954       0x28 c:/program files (x86)/cypress/psoc creator/4.2/psoc creator/import/gnu/arm/5.4.1/bin/../lib/gcc/arm-none-eabi/5.4.1/../../../../arm-none-eabi/lib/armv7-m\libg_nano.a(lib_a-memchr-stub.o)
 .debug_frame   0x0000297c      0x234 c:/program files (x86)/cypress/psoc creator/4.2/psoc creator/import/gnu/arm/5.4.1/bin/../lib/gcc/arm-none-eabi/5.4.1/../../../../arm-none-eabi/lib/armv7-m\libg_nano.a(lib_a-mprec.o)
 .debug_frame   0x00002bb0       0x2c c:/program files (x86)/cypress/psoc creator/4.2/psoc creator/import/gnu/arm/5.4.1/bin/../lib/gcc/arm-none-eabi/5.4.1/../../../../arm-none-eabi/lib/armv7-m\libg_nano.a(lib_a-nano-callocr.o)
 .debug_frame   0x00002bdc       0x38 c:/program files (x86)/cypress/psoc creator/4.2/psoc creator/import/gnu/arm/5.4.1/bin/../lib/gcc/arm-none-eabi/5.4.1/../../../../arm-none-eabi/lib/armv7-m\libg_nano.a(lib_a-nano-freer.o)
 .debug_frame   0x00002c14       0x2c c:/program files (x86)/cypress/psoc creator/4.2/psoc creator/import/gnu/arm/5.4.1/bin/../lib/gcc/arm-none-eabi/5.4.1/../../../../arm-none-eabi/lib/armv7-m\libg_nano.a(lib_a-nano-mallocr.o)
 .debug_frame   0x00002c40       0x2c c:/program files (x86)/cypress/psoc creator/4.2/psoc creator/import/gnu/arm/5.4.1/bin/../lib/gcc/arm-none-eabi/5.4.1/../../../../arm-none-eabi/lib/armv7-m\libg_nano.a(lib_a-sbrkr.o)
 .debug_frame   0x00002c6c       0x20 c:/program files (x86)/cypress/psoc creator/4.2/psoc creator/import/gnu/arm/5.4.1/bin/../lib/gcc/arm-none-eabi/5.4.1/../../../../arm-none-eabi/lib/armv7-m\libg_nano.a(lib_a-strcmp.o)
 .debug_frame   0x00002c8c       0x30 c:/program files (x86)/cypress/psoc creator/4.2/psoc creator/import/gnu/arm/5.4.1/bin/../lib/gcc/arm-none-eabi/5.4.1/../../../../arm-none-eabi/lib/armv7-m\libg_nano.a(lib_a-mlock.o)
 .debug_frame   0x00002cbc       0x5c c:/program files (x86)/cypress/psoc creator/4.2/psoc creator/import/gnu/arm/5.4.1/bin/../lib/gcc/arm-none-eabi/5.4.1/../../../../arm-none-eabi/lib/armv7-m\libg_nano.a(lib_a-reent.o)

.debug_str      0x00000000     0x393c
 *(.debug_str)
 .debug_str     0x00000000      0x88c .\CortexM3\ARM_GCC_541\Debug\main.o
                                0x8f6 (size before relaxing)
 .debug_str     0x0000088c       0xf9 .\CortexM3\ARM_GCC_541\Debug\SPI.o
                                0x30d (size before relaxing)
 .debug_str     0x00000985       0x49 .\CortexM3\ARM_GCC_541\Debug\lockUnit.o
                                0x238 (size before relaxing)
 .debug_str     0x000009ce       0xc2 .\CortexM3\ARM_GCC_541\Debug\wheelSensor.o
                                0x2f0 (size before relaxing)
 .debug_str     0x00000a90       0x3f .\CortexM3\ARM_GCC_541\Debug\UART.o
                                0x1e9 (size before relaxing)
 .debug_str     0x00000acf       0xaf .\CortexM3\ARM_GCC_541\Debug\Accelerometer.o
                                0x2aa (size before relaxing)
 .debug_str     0x00000b7e       0x11 .\CortexM3\ARM_GCC_541\Debug\EDBikeProtocol.o
                                0x1b2 (size before relaxing)
 .debug_str     0x00000b8f       0xba .\CortexM3\ARM_GCC_541\Debug\SPIprotocol.o
                                0x2e8 (size before relaxing)
 .debug_str     0x00000c49      0x1ae .\CortexM3\ARM_GCC_541\Debug\cyfitter_cfg.o
                                0x351 (size before relaxing)
 .debug_str     0x00000df7       0x75 .\CortexM3\ARM_GCC_541\Debug\cymetadata.o
                                0x1eb (size before relaxing)
 .debug_str     0x00000e6c      0x13e .\CortexM3\ARM_GCC_541\Debug\Cm3Start.o
                                0x311 (size before relaxing)
 .debug_str     0x00000faa      0x83d .\CortexM3\ARM_GCC_541\Debug\spi_slave.a(CyLib.o)
                                0xa4e (size before relaxing)
 .debug_str     0x000017e7      0x365 .\CortexM3\ARM_GCC_541\Debug\spi_slave.a(cyPm.o)
                                0x73a (size before relaxing)
 .debug_str     0x00001b4c      0x277 .\CortexM3\ARM_GCC_541\Debug\spi_slave.a(SPI_slave.o)
                                0x519 (size before relaxing)
 .debug_str     0x00001dc3       0x49 .\CortexM3\ARM_GCC_541\Debug\spi_slave.a(SPI_slave_INT.o)
                                0x24e (size before relaxing)
 .debug_str     0x00001e0c      0x181 .\CortexM3\ARM_GCC_541\Debug\spi_slave.a(slave_rx_interrupt.o)
                                0x363 (size before relaxing)
 .debug_str     0x00001f8d       0x62 .\CortexM3\ARM_GCC_541\Debug\spi_slave.a(LED_pin.o)
                                0x1f3 (size before relaxing)
 .debug_str     0x00001fef      0x174 .\CortexM3\ARM_GCC_541\Debug\spi_slave.a(UART_rx_interrupt.o)
                                0x355 (size before relaxing)
 .debug_str     0x00002163      0x253 .\CortexM3\ARM_GCC_541\Debug\spi_slave.a(UART_1.o)
                                0x4ba (size before relaxing)
 .debug_str     0x000023b6      0x197 .\CortexM3\ARM_GCC_541\Debug\spi_slave.a(UART_1_IntClock.o)
                                0x355 (size before relaxing)
 .debug_str     0x0000254d      0x14d .\CortexM3\ARM_GCC_541\Debug\spi_slave.a(isr_wheel_tick.o)
                                0x32b (size before relaxing)
 .debug_str     0x0000269a      0x1cf .\CortexM3\ARM_GCC_541\Debug\spi_slave.a(Timer_Isr_BikeIsStopping.o)
                                0x3b7 (size before relaxing)
 .debug_str     0x00002869      0x167 .\CortexM3\ARM_GCC_541\Debug\spi_slave.a(isr_bike_stopped.o)
                                0x347 (size before relaxing)
 .debug_str     0x000029d0      0x118 .\CortexM3\ARM_GCC_541\Debug\spi_slave.a(isr_bike_is_idle.o)
                                0x347 (size before relaxing)
 .debug_str     0x00002ae8      0x181 .\CortexM3\ARM_GCC_541\Debug\spi_slave.a(isr_bike_is_moving.o)
                                0x363 (size before relaxing)
 .debug_str     0x00002c69       0xab .\CortexM3\ARM_GCC_541\Debug\spi_slave.a(Pin_1_ac_idle.o)
                                0x25d (size before relaxing)
 .debug_str     0x00002d14       0xae .\CortexM3\ARM_GCC_541\Debug\spi_slave.a(Pin_2_ac_moving.o)
                                0x26b (size before relaxing)
 .debug_str     0x00002dc2       0x4b .\CortexM3\ARM_GCC_541\Debug\spi_slave.a(In_1.o)
                                0x1e4 (size before relaxing)
 .debug_str     0x00002e0d       0x4b .\CortexM3\ARM_GCC_541\Debug\spi_slave.a(In_2.o)
                                0x1e4 (size before relaxing)
 .debug_str     0x00002e58       0x43 .\CortexM3\ARM_GCC_541\Debug\spi_slave.a(EA.o)
                                0x1da (size before relaxing)
 .debug_str     0x00002e9b      0x133 .\CortexM3\ARM_GCC_541\Debug\spi_slave.a(isr_bikelock.o)
                                0x30f (size before relaxing)
 .debug_str     0x00002fce      0x1a7 .\CortexM3\ARM_GCC_541\Debug\spi_slave.a(WheelTickTimer.o)
                                0x3e4 (size before relaxing)
 .debug_str     0x00003175      0x1ad .\CortexM3\ARM_GCC_541\Debug\spi_slave.a(MotorLockTimer.o)
                                0x3e4 (size before relaxing)
 .debug_str     0x00003322      0x1ec .\CortexM3\ARM_GCC_541\Debug\spi_slave.a(AccelerometerTimer.o)
                                0x437 (size before relaxing)
 .debug_str     0x0000350e      0x104 .\CortexM3\ARM_GCC_541\Debug\spi_slave.a(AccelerometerTimer_PM.o)
                                0x371 (size before relaxing)
 .debug_str     0x00003612       0x9c .\CortexM3\ARM_GCC_541\Debug\spi_slave.a(WheelTickPin.o)
                                0x256 (size before relaxing)
 .debug_str     0x000036ae      0x1b4 .\CortexM3\ARM_GCC_541\Debug\spi_slave.a(CyFlash.o)
                                0x3c7 (size before relaxing)
 .debug_str     0x00003862       0xac .\CortexM3\ARM_GCC_541\Debug\spi_slave.a(CySpc.o)
                                0x33f (size before relaxing)
 .debug_str     0x0000390e       0x2e .\CortexM3\ARM_GCC_541\Debug\spi_slave.a(cyutils.o)
                                0x1b9 (size before relaxing)

.debug_loc      0x00000000     0x2a10
 *(.debug_loc)
 .debug_loc     0x00000000      0x130 .\CortexM3\ARM_GCC_541\Debug\main.o
 .debug_loc     0x00000130       0xb2 .\CortexM3\ARM_GCC_541\Debug\SPI.o
 .debug_loc     0x000001e2       0xfa .\CortexM3\ARM_GCC_541\Debug\wheelSensor.o
 .debug_loc     0x000002dc      0x194 .\CortexM3\ARM_GCC_541\Debug\SPIprotocol.o
 .debug_loc     0x00000470      0x288 .\CortexM3\ARM_GCC_541\Debug\cyfitter_cfg.o
 .debug_loc     0x000006f8      0x144 .\CortexM3\ARM_GCC_541\Debug\Cm3Start.o
 .debug_loc     0x0000083c      0xa11 .\CortexM3\ARM_GCC_541\Debug\spi_slave.a(CyLib.o)
 .debug_loc     0x0000124d      0x1e4 .\CortexM3\ARM_GCC_541\Debug\spi_slave.a(cyPm.o)
 .debug_loc     0x00001431      0x1a8 .\CortexM3\ARM_GCC_541\Debug\spi_slave.a(SPI_slave.o)
 .debug_loc     0x000015d9       0x2b .\CortexM3\ARM_GCC_541\Debug\spi_slave.a(SPI_slave_INT.o)
 .debug_loc     0x00001604       0x56 .\CortexM3\ARM_GCC_541\Debug\spi_slave.a(slave_rx_interrupt.o)
 .debug_loc     0x0000165a       0x42 .\CortexM3\ARM_GCC_541\Debug\spi_slave.a(LED_pin.o)
 .debug_loc     0x0000169c       0x56 .\CortexM3\ARM_GCC_541\Debug\spi_slave.a(UART_rx_interrupt.o)
 .debug_loc     0x000016f2      0x258 .\CortexM3\ARM_GCC_541\Debug\spi_slave.a(UART_1.o)
 .debug_loc     0x0000194a      0x128 .\CortexM3\ARM_GCC_541\Debug\spi_slave.a(UART_1_IntClock.o)
 .debug_loc     0x00001a72       0x56 .\CortexM3\ARM_GCC_541\Debug\spi_slave.a(isr_wheel_tick.o)
 .debug_loc     0x00001ac8       0x56 .\CortexM3\ARM_GCC_541\Debug\spi_slave.a(Timer_Isr_BikeIsStopping.o)
 .debug_loc     0x00001b1e       0x56 .\CortexM3\ARM_GCC_541\Debug\spi_slave.a(isr_bike_stopped.o)
 .debug_loc     0x00001b74       0x56 .\CortexM3\ARM_GCC_541\Debug\spi_slave.a(isr_bike_is_idle.o)
 .debug_loc     0x00001bca       0x56 .\CortexM3\ARM_GCC_541\Debug\spi_slave.a(isr_bike_is_moving.o)
 .debug_loc     0x00001c20       0x84 .\CortexM3\ARM_GCC_541\Debug\spi_slave.a(Pin_1_ac_idle.o)
 .debug_loc     0x00001ca4       0x63 .\CortexM3\ARM_GCC_541\Debug\spi_slave.a(Pin_2_ac_moving.o)
 .debug_loc     0x00001d07       0x42 .\CortexM3\ARM_GCC_541\Debug\spi_slave.a(In_1.o)
 .debug_loc     0x00001d49       0x42 .\CortexM3\ARM_GCC_541\Debug\spi_slave.a(In_2.o)
 .debug_loc     0x00001d8b       0x42 .\CortexM3\ARM_GCC_541\Debug\spi_slave.a(EA.o)
 .debug_loc     0x00001dcd       0x56 .\CortexM3\ARM_GCC_541\Debug\spi_slave.a(isr_bikelock.o)
 .debug_loc     0x00001e23       0x13 .\CortexM3\ARM_GCC_541\Debug\spi_slave.a(WheelTickTimer.o)
 .debug_loc     0x00001e36       0x13 .\CortexM3\ARM_GCC_541\Debug\spi_slave.a(MotorLockTimer.o)
 .debug_loc     0x00001e49       0x6b .\CortexM3\ARM_GCC_541\Debug\spi_slave.a(AccelerometerTimer.o)
 .debug_loc     0x00001eb4       0x84 .\CortexM3\ARM_GCC_541\Debug\spi_slave.a(WheelTickPin.o)
 .debug_loc     0x00001f38      0x3b2 .\CortexM3\ARM_GCC_541\Debug\spi_slave.a(CyFlash.o)
 .debug_loc     0x000022ea      0x705 .\CortexM3\ARM_GCC_541\Debug\spi_slave.a(CySpc.o)
 .debug_loc     0x000029ef       0x21 .\CortexM3\ARM_GCC_541\Debug\spi_slave.a(cyutils.o)

.debug_macinfo
 *(.debug_macinfo)

.debug_ranges   0x00000000      0xeb8
 *(.debug_ranges)
 .debug_ranges  0x00000000       0x60 .\CortexM3\ARM_GCC_541\Debug\main.o
 .debug_ranges  0x00000060       0x48 .\CortexM3\ARM_GCC_541\Debug\SPI.o
 .debug_ranges  0x000000a8       0x28 .\CortexM3\ARM_GCC_541\Debug\lockUnit.o
 .debug_ranges  0x000000d0       0x40 .\CortexM3\ARM_GCC_541\Debug\wheelSensor.o
 .debug_ranges  0x00000110       0x10 .\CortexM3\ARM_GCC_541\Debug\UART.o
 .debug_ranges  0x00000120       0x28 .\CortexM3\ARM_GCC_541\Debug\Accelerometer.o